Archive member included to satisfy reference by file (symbol)

c:/ac6/systemworkbench/plugins/fr.ac6.mcu.externaltools.arm-none.win32_1.17.0.201812190825/tools/compiler/bin/../lib/gcc/arm-none-eabi/7.3.1/thumb/v7e-m/fpv4-sp/hard\libgcc.a(_arm_addsubdf3.o)
                              Drivers/src/PID.o (__aeabi_dadd)
c:/ac6/systemworkbench/plugins/fr.ac6.mcu.externaltools.arm-none.win32_1.17.0.201812190825/tools/compiler/bin/../lib/gcc/arm-none-eabi/7.3.1/thumb/v7e-m/fpv4-sp/hard\libgcc.a(_arm_muldivdf3.o)
                              Drivers/src/PID.o (__aeabi_dmul)
c:/ac6/systemworkbench/plugins/fr.ac6.mcu.externaltools.arm-none.win32_1.17.0.201812190825/tools/compiler/bin/../lib/gcc/arm-none-eabi/7.3.1/thumb/v7e-m/fpv4-sp/hard\libgcc.a(_arm_fixunsdfsi.o)
                              Drivers/src/pwm.o (__aeabi_d2uiz)
c:/ac6/systemworkbench/plugins/fr.ac6.mcu.externaltools.arm-none.win32_1.17.0.201812190825/tools/compiler/bin/../lib/gcc/arm-none-eabi/7.3.1/thumb/v7e-m/fpv4-sp/hard\libgcc.a(_arm_truncdfsf2.o)
                              Drivers/src/PID.o (__aeabi_d2f)
c:/ac6/systemworkbench/plugins/fr.ac6.mcu.externaltools.arm-none.win32_1.17.0.201812190825/tools/compiler/bin/../lib/gcc/arm-none-eabi/7.3.1/../../../../arm-none-eabi/lib/thumb/v7e-m/fpv4-sp/hard\libc.a(lib_a-errno.o)
                              src/syscalls.o (__errno)
c:/ac6/systemworkbench/plugins/fr.ac6.mcu.externaltools.arm-none.win32_1.17.0.201812190825/tools/compiler/bin/../lib/gcc/arm-none-eabi/7.3.1/../../../../arm-none-eabi/lib/thumb/v7e-m/fpv4-sp/hard\libc.a(lib_a-exit.o)
                              c:/ac6/systemworkbench/plugins/fr.ac6.mcu.externaltools.arm-none.win32_1.17.0.201812190825/tools/compiler/bin/../lib/gcc/arm-none-eabi/7.3.1/../../../../arm-none-eabi/lib/thumb/v7e-m/fpv4-sp/hard/crt0.o (exit)
c:/ac6/systemworkbench/plugins/fr.ac6.mcu.externaltools.arm-none.win32_1.17.0.201812190825/tools/compiler/bin/../lib/gcc/arm-none-eabi/7.3.1/../../../../arm-none-eabi/lib/thumb/v7e-m/fpv4-sp/hard\libc.a(lib_a-impure.o)
                              c:/ac6/systemworkbench/plugins/fr.ac6.mcu.externaltools.arm-none.win32_1.17.0.201812190825/tools/compiler/bin/../lib/gcc/arm-none-eabi/7.3.1/../../../../arm-none-eabi/lib/thumb/v7e-m/fpv4-sp/hard\libc.a(lib_a-exit.o) (_global_impure_ptr)
c:/ac6/systemworkbench/plugins/fr.ac6.mcu.externaltools.arm-none.win32_1.17.0.201812190825/tools/compiler/bin/../lib/gcc/arm-none-eabi/7.3.1/../../../../arm-none-eabi/lib/thumb/v7e-m/fpv4-sp/hard\libc.a(lib_a-init.o)
                              c:/ac6/systemworkbench/plugins/fr.ac6.mcu.externaltools.arm-none.win32_1.17.0.201812190825/tools/compiler/bin/../lib/gcc/arm-none-eabi/7.3.1/../../../../arm-none-eabi/lib/thumb/v7e-m/fpv4-sp/hard/crt0.o (__libc_init_array)
c:/ac6/systemworkbench/plugins/fr.ac6.mcu.externaltools.arm-none.win32_1.17.0.201812190825/tools/compiler/bin/../lib/gcc/arm-none-eabi/7.3.1/../../../../arm-none-eabi/lib/thumb/v7e-m/fpv4-sp/hard\libc.a(lib_a-itoa.o)
                              Drivers/src/LCD.o (itoa)
c:/ac6/systemworkbench/plugins/fr.ac6.mcu.externaltools.arm-none.win32_1.17.0.201812190825/tools/compiler/bin/../lib/gcc/arm-none-eabi/7.3.1/../../../../arm-none-eabi/lib/thumb/v7e-m/fpv4-sp/hard\libc.a(lib_a-memset.o)
                              c:/ac6/systemworkbench/plugins/fr.ac6.mcu.externaltools.arm-none.win32_1.17.0.201812190825/tools/compiler/bin/../lib/gcc/arm-none-eabi/7.3.1/../../../../arm-none-eabi/lib/thumb/v7e-m/fpv4-sp/hard/crt0.o (memset)
c:/ac6/systemworkbench/plugins/fr.ac6.mcu.externaltools.arm-none.win32_1.17.0.201812190825/tools/compiler/bin/../lib/gcc/arm-none-eabi/7.3.1/../../../../arm-none-eabi/lib/thumb/v7e-m/fpv4-sp/hard\libc.a(lib_a-utoa.o)
                              c:/ac6/systemworkbench/plugins/fr.ac6.mcu.externaltools.arm-none.win32_1.17.0.201812190825/tools/compiler/bin/../lib/gcc/arm-none-eabi/7.3.1/../../../../arm-none-eabi/lib/thumb/v7e-m/fpv4-sp/hard\libc.a(lib_a-itoa.o) (__utoa)
c:/ac6/systemworkbench/plugins/fr.ac6.mcu.externaltools.arm-none.win32_1.17.0.201812190825/tools/compiler/bin/../lib/gcc/arm-none-eabi/7.3.1/../../../../arm-none-eabi/lib/thumb/v7e-m/fpv4-sp/hard\libc.a(lib_a-__call_atexit.o)
                              c:/ac6/systemworkbench/plugins/fr.ac6.mcu.externaltools.arm-none.win32_1.17.0.201812190825/tools/compiler/bin/../lib/gcc/arm-none-eabi/7.3.1/../../../../arm-none-eabi/lib/thumb/v7e-m/fpv4-sp/hard\libc.a(lib_a-exit.o) (__call_exitprocs)
c:/ac6/systemworkbench/plugins/fr.ac6.mcu.externaltools.arm-none.win32_1.17.0.201812190825/tools/compiler/bin/../lib/gcc/arm-none-eabi/7.3.1/../../../../arm-none-eabi/lib/thumb/v7e-m/fpv4-sp/hard\libc.a(lib_a-atexit.o)
                              c:/ac6/systemworkbench/plugins/fr.ac6.mcu.externaltools.arm-none.win32_1.17.0.201812190825/tools/compiler/bin/../lib/gcc/arm-none-eabi/7.3.1/../../../../arm-none-eabi/lib/thumb/v7e-m/fpv4-sp/hard\libc.a(lib_a-__call_atexit.o) (atexit)
c:/ac6/systemworkbench/plugins/fr.ac6.mcu.externaltools.arm-none.win32_1.17.0.201812190825/tools/compiler/bin/../lib/gcc/arm-none-eabi/7.3.1/../../../../arm-none-eabi/lib/thumb/v7e-m/fpv4-sp/hard\libc.a(lib_a-fini.o)
                              c:/ac6/systemworkbench/plugins/fr.ac6.mcu.externaltools.arm-none.win32_1.17.0.201812190825/tools/compiler/bin/../lib/gcc/arm-none-eabi/7.3.1/../../../../arm-none-eabi/lib/thumb/v7e-m/fpv4-sp/hard\libc.a(lib_a-__call_atexit.o) (__libc_fini_array)
c:/ac6/systemworkbench/plugins/fr.ac6.mcu.externaltools.arm-none.win32_1.17.0.201812190825/tools/compiler/bin/../lib/gcc/arm-none-eabi/7.3.1/../../../../arm-none-eabi/lib/thumb/v7e-m/fpv4-sp/hard\libc.a(lib_a-lock.o)
                              c:/ac6/systemworkbench/plugins/fr.ac6.mcu.externaltools.arm-none.win32_1.17.0.201812190825/tools/compiler/bin/../lib/gcc/arm-none-eabi/7.3.1/../../../../arm-none-eabi/lib/thumb/v7e-m/fpv4-sp/hard\libc.a(lib_a-__call_atexit.o) (__retarget_lock_acquire_recursive)
c:/ac6/systemworkbench/plugins/fr.ac6.mcu.externaltools.arm-none.win32_1.17.0.201812190825/tools/compiler/bin/../lib/gcc/arm-none-eabi/7.3.1/../../../../arm-none-eabi/lib/thumb/v7e-m/fpv4-sp/hard\libc.a(lib_a-__atexit.o)
                              c:/ac6/systemworkbench/plugins/fr.ac6.mcu.externaltools.arm-none.win32_1.17.0.201812190825/tools/compiler/bin/../lib/gcc/arm-none-eabi/7.3.1/../../../../arm-none-eabi/lib/thumb/v7e-m/fpv4-sp/hard\libc.a(lib_a-atexit.o) (__register_exitproc)

Allocating common symbols
Common symbol       size              file

__lock___atexit_recursive_mutex
                    0x1               c:/ac6/systemworkbench/plugins/fr.ac6.mcu.externaltools.arm-none.win32_1.17.0.201812190825/tools/compiler/bin/../lib/gcc/arm-none-eabi/7.3.1/../../../../arm-none-eabi/lib/thumb/v7e-m/fpv4-sp/hard\libc.a(lib_a-lock.o)
__lock___arc4random_mutex
                    0x1               c:/ac6/systemworkbench/plugins/fr.ac6.mcu.externaltools.arm-none.win32_1.17.0.201812190825/tools/compiler/bin/../lib/gcc/arm-none-eabi/7.3.1/../../../../arm-none-eabi/lib/thumb/v7e-m/fpv4-sp/hard\libc.a(lib_a-lock.o)
__lock___env_recursive_mutex
                    0x1               c:/ac6/systemworkbench/plugins/fr.ac6.mcu.externaltools.arm-none.win32_1.17.0.201812190825/tools/compiler/bin/../lib/gcc/arm-none-eabi/7.3.1/../../../../arm-none-eabi/lib/thumb/v7e-m/fpv4-sp/hard\libc.a(lib_a-lock.o)
__lock___sinit_recursive_mutex
                    0x1               c:/ac6/systemworkbench/plugins/fr.ac6.mcu.externaltools.arm-none.win32_1.17.0.201812190825/tools/compiler/bin/../lib/gcc/arm-none-eabi/7.3.1/../../../../arm-none-eabi/lib/thumb/v7e-m/fpv4-sp/hard\libc.a(lib_a-lock.o)
__lock___malloc_recursive_mutex
                    0x1               c:/ac6/systemworkbench/plugins/fr.ac6.mcu.externaltools.arm-none.win32_1.17.0.201812190825/tools/compiler/bin/../lib/gcc/arm-none-eabi/7.3.1/../../../../arm-none-eabi/lib/thumb/v7e-m/fpv4-sp/hard\libc.a(lib_a-lock.o)
__lock___at_quick_exit_mutex
                    0x1               c:/ac6/systemworkbench/plugins/fr.ac6.mcu.externaltools.arm-none.win32_1.17.0.201812190825/tools/compiler/bin/../lib/gcc/arm-none-eabi/7.3.1/../../../../arm-none-eabi/lib/thumb/v7e-m/fpv4-sp/hard\libc.a(lib_a-lock.o)
__lock___dd_hash_mutex
                    0x1               c:/ac6/systemworkbench/plugins/fr.ac6.mcu.externaltools.arm-none.win32_1.17.0.201812190825/tools/compiler/bin/../lib/gcc/arm-none-eabi/7.3.1/../../../../arm-none-eabi/lib/thumb/v7e-m/fpv4-sp/hard\libc.a(lib_a-lock.o)
__lock___tz_mutex   0x1               c:/ac6/systemworkbench/plugins/fr.ac6.mcu.externaltools.arm-none.win32_1.17.0.201812190825/tools/compiler/bin/../lib/gcc/arm-none-eabi/7.3.1/../../../../arm-none-eabi/lib/thumb/v7e-m/fpv4-sp/hard\libc.a(lib_a-lock.o)
__lock___sfp_recursive_mutex
                    0x1               c:/ac6/systemworkbench/plugins/fr.ac6.mcu.externaltools.arm-none.win32_1.17.0.201812190825/tools/compiler/bin/../lib/gcc/arm-none-eabi/7.3.1/../../../../arm-none-eabi/lib/thumb/v7e-m/fpv4-sp/hard\libc.a(lib_a-lock.o)

Discarded input sections

 .text          0x00000000        0x0 c:/ac6/systemworkbench/plugins/fr.ac6.mcu.externaltools.arm-none.win32_1.17.0.201812190825/tools/compiler/bin/../lib/gcc/arm-none-eabi/7.3.1/thumb/v7e-m/fpv4-sp/hard/crti.o
 .data          0x00000000        0x0 c:/ac6/systemworkbench/plugins/fr.ac6.mcu.externaltools.arm-none.win32_1.17.0.201812190825/tools/compiler/bin/../lib/gcc/arm-none-eabi/7.3.1/thumb/v7e-m/fpv4-sp/hard/crti.o
 .bss           0x00000000        0x0 c:/ac6/systemworkbench/plugins/fr.ac6.mcu.externaltools.arm-none.win32_1.17.0.201812190825/tools/compiler/bin/../lib/gcc/arm-none-eabi/7.3.1/thumb/v7e-m/fpv4-sp/hard/crti.o
 .data          0x00000000        0x4 c:/ac6/systemworkbench/plugins/fr.ac6.mcu.externaltools.arm-none.win32_1.17.0.201812190825/tools/compiler/bin/../lib/gcc/arm-none-eabi/7.3.1/thumb/v7e-m/fpv4-sp/hard/crtbegin.o
 .text          0x00000000       0x74 c:/ac6/systemworkbench/plugins/fr.ac6.mcu.externaltools.arm-none.win32_1.17.0.201812190825/tools/compiler/bin/../lib/gcc/arm-none-eabi/7.3.1/../../../../arm-none-eabi/lib/thumb/v7e-m/fpv4-sp/hard/crt0.o
 .data          0x00000000        0x0 c:/ac6/systemworkbench/plugins/fr.ac6.mcu.externaltools.arm-none.win32_1.17.0.201812190825/tools/compiler/bin/../lib/gcc/arm-none-eabi/7.3.1/../../../../arm-none-eabi/lib/thumb/v7e-m/fpv4-sp/hard/crt0.o
 .bss           0x00000000        0x0 c:/ac6/systemworkbench/plugins/fr.ac6.mcu.externaltools.arm-none.win32_1.17.0.201812190825/tools/compiler/bin/../lib/gcc/arm-none-eabi/7.3.1/../../../../arm-none-eabi/lib/thumb/v7e-m/fpv4-sp/hard/crt0.o
 .ARM.extab     0x00000000        0x0 c:/ac6/systemworkbench/plugins/fr.ac6.mcu.externaltools.arm-none.win32_1.17.0.201812190825/tools/compiler/bin/../lib/gcc/arm-none-eabi/7.3.1/../../../../arm-none-eabi/lib/thumb/v7e-m/fpv4-sp/hard/crt0.o
 .ARM.exidx     0x00000000        0x8 c:/ac6/systemworkbench/plugins/fr.ac6.mcu.externaltools.arm-none.win32_1.17.0.201812190825/tools/compiler/bin/../lib/gcc/arm-none-eabi/7.3.1/../../../../arm-none-eabi/lib/thumb/v7e-m/fpv4-sp/hard/crt0.o
 .ARM.attributes
                0x00000000       0x20 c:/ac6/systemworkbench/plugins/fr.ac6.mcu.externaltools.arm-none.win32_1.17.0.201812190825/tools/compiler/bin/../lib/gcc/arm-none-eabi/7.3.1/../../../../arm-none-eabi/lib/thumb/v7e-m/fpv4-sp/hard/crt0.o
 .group         0x00000000        0xc Drivers/src/LCD.o
 .group         0x00000000        0xc Drivers/src/LCD.o
 .group         0x00000000        0xc Drivers/src/LCD.o
 .group         0x00000000        0xc Drivers/src/LCD.o
 .group         0x00000000        0xc Drivers/src/LCD.o
 .group         0x00000000        0xc Drivers/src/LCD.o
 .group         0x00000000        0xc Drivers/src/LCD.o
 .group         0x00000000        0xc Drivers/src/LCD.o
 .group         0x00000000        0xc Drivers/src/LCD.o
 .group         0x00000000        0xc Drivers/src/LCD.o
 .group         0x00000000        0xc Drivers/src/LCD.o
 .group         0x00000000        0xc Drivers/src/LCD.o
 .group         0x00000000        0xc Drivers/src/LCD.o
 .group         0x00000000        0xc Drivers/src/LCD.o
 .group         0x00000000        0xc Drivers/src/LCD.o
 .group         0x00000000        0xc Drivers/src/LCD.o
 .group         0x00000000        0xc Drivers/src/LCD.o
 .group         0x00000000        0xc Drivers/src/LCD.o
 .group         0x00000000        0xc Drivers/src/LCD.o
 .group         0x00000000        0xc Drivers/src/LCD.o
 .group         0x00000000        0xc Drivers/src/LCD.o
 .group         0x00000000        0xc Drivers/src/LCD.o
 .group         0x00000000        0xc Drivers/src/LCD.o
 .group         0x00000000        0xc Drivers/src/LCD.o
 .group         0x00000000        0xc Drivers/src/LCD.o
 .group         0x00000000        0xc Drivers/src/LCD.o
 .group         0x00000000        0xc Drivers/src/LCD.o
 .group         0x00000000        0xc Drivers/src/LCD.o
 .group         0x00000000        0xc Drivers/src/LCD.o
 .text          0x00000000        0x0 Drivers/src/LCD.o
 .data          0x00000000        0x0 Drivers/src/LCD.o
 .bss           0x00000000        0x0 Drivers/src/LCD.o
 .text.LCD_MoveCursor
                0x00000000       0x60 Drivers/src/LCD.o
 .text.LCD_DisplayStringRowColumn
                0x00000000       0x2a Drivers/src/LCD.o
 .text.LCD_IntToStr
                0x00000000       0x28 Drivers/src/LCD.o
 .text.LCD_ClearScreen
                0x00000000        0xe Drivers/src/LCD.o
 .group         0x00000000        0xc Drivers/src/PID.o
 .group         0x00000000        0xc Drivers/src/PID.o
 .text          0x00000000        0x0 Drivers/src/PID.o
 .data          0x00000000        0x0 Drivers/src/PID.o
 .debug_macro   0x00000000      0xa66 Drivers/src/PID.o
 .group         0x00000000        0xc Drivers/src/PollDataClient.o
 .group         0x00000000        0xc Drivers/src/PollDataClient.o
 .group         0x00000000        0xc Drivers/src/PollDataClient.o
 .group         0x00000000        0xc Drivers/src/PollDataClient.o
 .group         0x00000000        0xc Drivers/src/PollDataClient.o
 .group         0x00000000        0xc Drivers/src/PollDataClient.o
 .group         0x00000000        0xc Drivers/src/PollDataClient.o
 .group         0x00000000        0xc Drivers/src/PollDataClient.o
 .group         0x00000000        0xc Drivers/src/PollDataClient.o
 .group         0x00000000        0xc Drivers/src/PollDataClient.o
 .group         0x00000000        0xc Drivers/src/PollDataClient.o
 .group         0x00000000        0xc Drivers/src/PollDataClient.o
 .group         0x00000000        0xc Drivers/src/PollDataClient.o
 .group         0x00000000        0xc Drivers/src/PollDataClient.o
 .group         0x00000000        0xc Drivers/src/PollDataClient.o
 .text          0x00000000        0x0 Drivers/src/PollDataClient.o
 .bss           0x00000000        0x0 Drivers/src/PollDataClient.o
 .debug_macro   0x00000000      0xa66 Drivers/src/PollDataClient.o
 .debug_macro   0x00000000       0x65 Drivers/src/PollDataClient.o
 .debug_macro   0x00000000       0x3b Drivers/src/PollDataClient.o
 .debug_macro   0x00000000       0x22 Drivers/src/PollDataClient.o
 .debug_macro   0x00000000       0x8e Drivers/src/PollDataClient.o
 .debug_macro   0x00000000       0x51 Drivers/src/PollDataClient.o
 .debug_macro   0x00000000       0xef Drivers/src/PollDataClient.o
 .debug_macro   0x00000000       0x6a Drivers/src/PollDataClient.o
 .debug_macro   0x00000000      0x1df Drivers/src/PollDataClient.o
 .debug_macro   0x00000000       0x34 Drivers/src/PollDataClient.o
 .debug_macro   0x00000000       0x26 Drivers/src/PollDataClient.o
 .debug_macro   0x00000000      0xe43 Drivers/src/PollDataClient.o
 .debug_macro   0x00000000     0x800a Drivers/src/PollDataClient.o
 .debug_macro   0x00000000       0x40 Drivers/src/PollDataClient.o
 .debug_macro   0x00000000       0x5e Drivers/src/PollDataClient.o
 .group         0x00000000        0xc Drivers/src/PollerTimer.o
 .group         0x00000000        0xc Drivers/src/PollerTimer.o
 .group         0x00000000        0xc Drivers/src/PollerTimer.o
 .group         0x00000000        0xc Drivers/src/PollerTimer.o
 .group         0x00000000        0xc Drivers/src/PollerTimer.o
 .group         0x00000000        0xc Drivers/src/PollerTimer.o
 .group         0x00000000        0xc Drivers/src/PollerTimer.o
 .group         0x00000000        0xc Drivers/src/PollerTimer.o
 .group         0x00000000        0xc Drivers/src/PollerTimer.o
 .group         0x00000000        0xc Drivers/src/PollerTimer.o
 .group         0x00000000        0xc Drivers/src/PollerTimer.o
 .group         0x00000000        0xc Drivers/src/PollerTimer.o
 .group         0x00000000        0xc Drivers/src/PollerTimer.o
 .text          0x00000000        0x0 Drivers/src/PollerTimer.o
 .data          0x00000000        0x0 Drivers/src/PollerTimer.o
 .bss           0x00000000        0x0 Drivers/src/PollerTimer.o
 .text.NVIC_DisableIRQ
                0x00000000       0x34 Drivers/src/PollerTimer.o
 .text.StopTimer
                0x00000000       0x22 Drivers/src/PollerTimer.o
 .text.DisableInterrupt
                0x00000000       0x22 Drivers/src/PollerTimer.o
 .debug_macro   0x00000000      0xa66 Drivers/src/PollerTimer.o
 .debug_macro   0x00000000       0x65 Drivers/src/PollerTimer.o
 .debug_macro   0x00000000       0x3b Drivers/src/PollerTimer.o
 .debug_macro   0x00000000       0x22 Drivers/src/PollerTimer.o
 .debug_macro   0x00000000       0x8e Drivers/src/PollerTimer.o
 .debug_macro   0x00000000       0x51 Drivers/src/PollerTimer.o
 .debug_macro   0x00000000       0xef Drivers/src/PollerTimer.o
 .debug_macro   0x00000000       0x6a Drivers/src/PollerTimer.o
 .debug_macro   0x00000000      0x1df Drivers/src/PollerTimer.o
 .debug_macro   0x00000000       0x34 Drivers/src/PollerTimer.o
 .debug_macro   0x00000000       0x26 Drivers/src/PollerTimer.o
 .debug_macro   0x00000000      0xe43 Drivers/src/PollerTimer.o
 .debug_macro   0x00000000     0x800a Drivers/src/PollerTimer.o
 .group         0x00000000        0xc Drivers/src/SPI.o
 .group         0x00000000        0xc Drivers/src/SPI.o
 .group         0x00000000        0xc Drivers/src/SPI.o
 .group         0x00000000        0xc Drivers/src/SPI.o
 .group         0x00000000        0xc Drivers/src/SPI.o
 .group         0x00000000        0xc Drivers/src/SPI.o
 .group         0x00000000        0xc Drivers/src/SPI.o
 .group         0x00000000        0xc Drivers/src/SPI.o
 .group         0x00000000        0xc Drivers/src/SPI.o
 .group         0x00000000        0xc Drivers/src/SPI.o
 .group         0x00000000        0xc Drivers/src/SPI.o
 .group         0x00000000        0xc Drivers/src/SPI.o
 .group         0x00000000        0xc Drivers/src/SPI.o
 .text          0x00000000        0x0 Drivers/src/SPI.o
 .data          0x00000000        0x0 Drivers/src/SPI.o
 .bss           0x00000000        0x0 Drivers/src/SPI.o
 .text.SPI1_Write
                0x00000000       0x34 Drivers/src/SPI.o
 .text.SPI1_Read
                0x00000000       0x2c Drivers/src/SPI.o
 .text.SPI1_CS_ENABLE
                0x00000000       0x20 Drivers/src/SPI.o
 .text.SPI1_CS_DISABLE
                0x00000000       0x20 Drivers/src/SPI.o
 .debug_macro   0x00000000      0xa66 Drivers/src/SPI.o
 .debug_macro   0x00000000       0x65 Drivers/src/SPI.o
 .debug_macro   0x00000000       0x3b Drivers/src/SPI.o
 .debug_macro   0x00000000       0x22 Drivers/src/SPI.o
 .debug_macro   0x00000000       0x8e Drivers/src/SPI.o
 .debug_macro   0x00000000       0x51 Drivers/src/SPI.o
 .debug_macro   0x00000000       0xef Drivers/src/SPI.o
 .debug_macro   0x00000000       0x6a Drivers/src/SPI.o
 .debug_macro   0x00000000      0x1df Drivers/src/SPI.o
 .debug_macro   0x00000000       0x34 Drivers/src/SPI.o
 .debug_macro   0x00000000       0x26 Drivers/src/SPI.o
 .debug_macro   0x00000000      0xe43 Drivers/src/SPI.o
 .debug_macro   0x00000000     0x800a Drivers/src/SPI.o
 .group         0x00000000        0xc Drivers/src/TC72.o
 .group         0x00000000        0xc Drivers/src/TC72.o
 .group         0x00000000        0xc Drivers/src/TC72.o
 .group         0x00000000        0xc Drivers/src/TC72.o
 .group         0x00000000        0xc Drivers/src/TC72.o
 .group         0x00000000        0xc Drivers/src/TC72.o
 .group         0x00000000        0xc Drivers/src/TC72.o
 .group         0x00000000        0xc Drivers/src/TC72.o
 .group         0x00000000        0xc Drivers/src/TC72.o
 .group         0x00000000        0xc Drivers/src/TC72.o
 .group         0x00000000        0xc Drivers/src/TC72.o
 .group         0x00000000        0xc Drivers/src/TC72.o
 .group         0x00000000        0xc Drivers/src/TC72.o
 .text          0x00000000        0x0 Drivers/src/TC72.o
 .data          0x00000000        0x0 Drivers/src/TC72.o
 .bss           0x00000000        0x0 Drivers/src/TC72.o
 .debug_macro   0x00000000      0xa66 Drivers/src/TC72.o
 .debug_macro   0x00000000       0x65 Drivers/src/TC72.o
 .debug_macro   0x00000000       0x3b Drivers/src/TC72.o
 .debug_macro   0x00000000       0x22 Drivers/src/TC72.o
 .debug_macro   0x00000000       0x8e Drivers/src/TC72.o
 .debug_macro   0x00000000       0x51 Drivers/src/TC72.o
 .debug_macro   0x00000000       0xef Drivers/src/TC72.o
 .debug_macro   0x00000000       0x6a Drivers/src/TC72.o
 .debug_macro   0x00000000      0x1df Drivers/src/TC72.o
 .debug_macro   0x00000000       0x34 Drivers/src/TC72.o
 .debug_macro   0x00000000       0x26 Drivers/src/TC72.o
 .debug_macro   0x00000000      0xe43 Drivers/src/TC72.o
 .debug_macro   0x00000000     0x800a Drivers/src/TC72.o
 .group         0x00000000        0xc Drivers/src/device.o
 .group         0x00000000        0xc Drivers/src/device.o
 .group         0x00000000        0xc Drivers/src/device.o
 .group         0x00000000        0xc Drivers/src/device.o
 .group         0x00000000        0xc Drivers/src/device.o
 .group         0x00000000        0xc Drivers/src/device.o
 .group         0x00000000        0xc Drivers/src/device.o
 .group         0x00000000        0xc Drivers/src/device.o
 .group         0x00000000        0xc Drivers/src/device.o
 .group         0x00000000        0xc Drivers/src/device.o
 .group         0x00000000        0xc Drivers/src/device.o
 .group         0x00000000        0xc Drivers/src/device.o
 .group         0x00000000        0xc Drivers/src/device.o
 .group         0x00000000        0xc Drivers/src/device.o
 .text          0x00000000        0x0 Drivers/src/device.o
 .debug_macro   0x00000000      0xa66 Drivers/src/device.o
 .debug_macro   0x00000000       0x65 Drivers/src/device.o
 .debug_macro   0x00000000       0x3b Drivers/src/device.o
 .debug_macro   0x00000000       0x22 Drivers/src/device.o
 .debug_macro   0x00000000       0x8e Drivers/src/device.o
 .debug_macro   0x00000000       0x51 Drivers/src/device.o
 .debug_macro   0x00000000       0xef Drivers/src/device.o
 .debug_macro   0x00000000       0x6a Drivers/src/device.o
 .debug_macro   0x00000000      0x1df Drivers/src/device.o
 .debug_macro   0x00000000       0x34 Drivers/src/device.o
 .debug_macro   0x00000000       0x26 Drivers/src/device.o
 .debug_macro   0x00000000      0xe43 Drivers/src/device.o
 .debug_macro   0x00000000     0x800a Drivers/src/device.o
 .debug_macro   0x00000000       0x5e Drivers/src/device.o
 .group         0x00000000        0xc Drivers/src/gpio.o
 .group         0x00000000        0xc Drivers/src/gpio.o
 .group         0x00000000        0xc Drivers/src/gpio.o
 .group         0x00000000        0xc Drivers/src/gpio.o
 .group         0x00000000        0xc Drivers/src/gpio.o
 .group         0x00000000        0xc Drivers/src/gpio.o
 .group         0x00000000        0xc Drivers/src/gpio.o
 .group         0x00000000        0xc Drivers/src/gpio.o
 .group         0x00000000        0xc Drivers/src/gpio.o
 .group         0x00000000        0xc Drivers/src/gpio.o
 .group         0x00000000        0xc Drivers/src/gpio.o
 .group         0x00000000        0xc Drivers/src/gpio.o
 .group         0x00000000        0xc Drivers/src/gpio.o
 .text          0x00000000        0x0 Drivers/src/gpio.o
 .data          0x00000000        0x0 Drivers/src/gpio.o
 .bss           0x00000000        0x0 Drivers/src/gpio.o
 .text.GPIO_ReadPin
                0x00000000       0x30 Drivers/src/gpio.o
 .debug_macro   0x00000000      0xa66 Drivers/src/gpio.o
 .debug_macro   0x00000000       0x65 Drivers/src/gpio.o
 .debug_macro   0x00000000       0x3b Drivers/src/gpio.o
 .debug_macro   0x00000000       0x22 Drivers/src/gpio.o
 .debug_macro   0x00000000       0x8e Drivers/src/gpio.o
 .debug_macro   0x00000000       0x51 Drivers/src/gpio.o
 .debug_macro   0x00000000       0xef Drivers/src/gpio.o
 .debug_macro   0x00000000       0x6a Drivers/src/gpio.o
 .debug_macro   0x00000000      0x1df Drivers/src/gpio.o
 .debug_macro   0x00000000       0x34 Drivers/src/gpio.o
 .debug_macro   0x00000000       0x26 Drivers/src/gpio.o
 .debug_macro   0x00000000      0xe43 Drivers/src/gpio.o
 .debug_macro   0x00000000     0x800a Drivers/src/gpio.o
 .group         0x00000000        0xc Drivers/src/poller.o
 .text          0x00000000        0x0 Drivers/src/poller.o
 .text.StopPolling
                0x00000000       0x18 Drivers/src/poller.o
 .debug_macro   0x00000000      0xa66 Drivers/src/poller.o
 .group         0x00000000        0xc Drivers/src/pwm.o
 .group         0x00000000        0xc Drivers/src/pwm.o
 .group         0x00000000        0xc Drivers/src/pwm.o
 .group         0x00000000        0xc Drivers/src/pwm.o
 .group         0x00000000        0xc Drivers/src/pwm.o
 .group         0x00000000        0xc Drivers/src/pwm.o
 .group         0x00000000        0xc Drivers/src/pwm.o
 .group         0x00000000        0xc Drivers/src/pwm.o
 .group         0x00000000        0xc Drivers/src/pwm.o
 .group         0x00000000        0xc Drivers/src/pwm.o
 .group         0x00000000        0xc Drivers/src/pwm.o
 .group         0x00000000        0xc Drivers/src/pwm.o
 .group         0x00000000        0xc Drivers/src/pwm.o
 .text          0x00000000        0x0 Drivers/src/pwm.o
 .data          0x00000000        0x0 Drivers/src/pwm.o
 .bss           0x00000000        0x0 Drivers/src/pwm.o
 .text.set_signal
                0x00000000       0x90 Drivers/src/pwm.o
 .debug_macro   0x00000000      0xa66 Drivers/src/pwm.o
 .debug_macro   0x00000000       0x65 Drivers/src/pwm.o
 .debug_macro   0x00000000       0x3b Drivers/src/pwm.o
 .debug_macro   0x00000000       0x22 Drivers/src/pwm.o
 .debug_macro   0x00000000       0x8e Drivers/src/pwm.o
 .debug_macro   0x00000000       0x51 Drivers/src/pwm.o
 .debug_macro   0x00000000       0xef Drivers/src/pwm.o
 .debug_macro   0x00000000       0x6a Drivers/src/pwm.o
 .debug_macro   0x00000000      0x1df Drivers/src/pwm.o
 .debug_macro   0x00000000       0x34 Drivers/src/pwm.o
 .debug_macro   0x00000000       0x26 Drivers/src/pwm.o
 .debug_macro   0x00000000      0xe43 Drivers/src/pwm.o
 .debug_macro   0x00000000     0x800a Drivers/src/pwm.o
 .group         0x00000000        0xc src/main.o
 .group         0x00000000        0xc src/main.o
 .group         0x00000000        0xc src/main.o
 .group         0x00000000        0xc src/main.o
 .group         0x00000000        0xc src/main.o
 .group         0x00000000        0xc src/main.o
 .group         0x00000000        0xc src/main.o
 .group         0x00000000        0xc src/main.o
 .group         0x00000000        0xc src/main.o
 .group         0x00000000        0xc src/main.o
 .group         0x00000000        0xc src/main.o
 .group         0x00000000        0xc src/main.o
 .group         0x00000000        0xc src/main.o
 .group         0x00000000        0xc src/main.o
 .text          0x00000000        0x0 src/main.o
 .data          0x00000000        0x0 src/main.o
 .bss           0x00000000        0x0 src/main.o
 .debug_macro   0x00000000      0xa66 src/main.o
 .debug_macro   0x00000000       0x65 src/main.o
 .debug_macro   0x00000000       0x3b src/main.o
 .debug_macro   0x00000000       0x22 src/main.o
 .debug_macro   0x00000000       0x8e src/main.o
 .debug_macro   0x00000000       0x51 src/main.o
 .debug_macro   0x00000000       0xef src/main.o
 .debug_macro   0x00000000       0x6a src/main.o
 .debug_macro   0x00000000      0x1df src/main.o
 .debug_macro   0x00000000       0x34 src/main.o
 .debug_macro   0x00000000       0x26 src/main.o
 .debug_macro   0x00000000      0xe43 src/main.o
 .debug_macro   0x00000000     0x800a src/main.o
 .debug_macro   0x00000000       0x5e src/main.o
 .group         0x00000000        0xc src/syscalls.o
 .group         0x00000000        0xc src/syscalls.o
 .group         0x00000000        0xc src/syscalls.o
 .group         0x00000000        0xc src/syscalls.o
 .group         0x00000000        0xc src/syscalls.o
 .group         0x00000000        0xc src/syscalls.o
 .group         0x00000000        0xc src/syscalls.o
 .group         0x00000000        0xc src/syscalls.o
 .group         0x00000000        0xc src/syscalls.o
 .group         0x00000000        0xc src/syscalls.o
 .group         0x00000000        0xc src/syscalls.o
 .group         0x00000000        0xc src/syscalls.o
 .group         0x00000000        0xc src/syscalls.o
 .group         0x00000000        0xc src/syscalls.o
 .group         0x00000000        0xc src/syscalls.o
 .group         0x00000000        0xc src/syscalls.o
 .group         0x00000000        0xc src/syscalls.o
 .group         0x00000000        0xc src/syscalls.o
 .group         0x00000000        0xc src/syscalls.o
 .group         0x00000000        0xc src/syscalls.o
 .group         0x00000000        0xc src/syscalls.o
 .group         0x00000000        0xc src/syscalls.o
 .group         0x00000000        0xc src/syscalls.o
 .group         0x00000000        0xc src/syscalls.o
 .group         0x00000000        0xc src/syscalls.o
 .group         0x00000000        0xc src/syscalls.o
 .group         0x00000000        0xc src/syscalls.o
 .group         0x00000000        0xc src/syscalls.o
 .group         0x00000000        0xc src/syscalls.o
 .group         0x00000000        0xc src/syscalls.o
 .group         0x00000000        0xc src/syscalls.o
 .group         0x00000000        0xc src/syscalls.o
 .group         0x00000000        0xc src/syscalls.o
 .group         0x00000000        0xc src/syscalls.o
 .group         0x00000000        0xc src/syscalls.o
 .group         0x00000000        0xc src/syscalls.o
 .group         0x00000000        0xc src/syscalls.o
 .group         0x00000000        0xc src/syscalls.o
 .group         0x00000000        0xc src/syscalls.o
 .group         0x00000000        0xc src/syscalls.o
 .group         0x00000000        0xc src/syscalls.o
 .group         0x00000000        0xc src/syscalls.o
 .group         0x00000000        0xc src/syscalls.o
 .group         0x00000000        0xc src/syscalls.o
 .text          0x00000000        0x0 src/syscalls.o
 .data          0x00000000        0x4 src/syscalls.o
 .bss           0x00000000        0x8 src/syscalls.o
 .text.initialise_monitor_handles
                0x00000000        0xe src/syscalls.o
 .text._getpid  0x00000000       0x10 src/syscalls.o
 .text._kill    0x00000000       0x20 src/syscalls.o
 .text._exit    0x00000000       0x14 src/syscalls.o
 .text._read    0x00000000       0x3a src/syscalls.o
 .text._write   0x00000000       0x38 src/syscalls.o
 .text._sbrk    0x00000000       0x58 src/syscalls.o
 .text._close   0x00000000       0x18 src/syscalls.o
 .text._fstat   0x00000000       0x20 src/syscalls.o
 .text._isatty  0x00000000       0x16 src/syscalls.o
 .text._lseek   0x00000000       0x1a src/syscalls.o
 .text._open    0x00000000       0x1c src/syscalls.o
 .text._wait    0x00000000       0x1e src/syscalls.o
 .text._unlink  0x00000000       0x1e src/syscalls.o
 .text._times   0x00000000       0x18 src/syscalls.o
 .text._stat    0x00000000       0x20 src/syscalls.o
 .text._link    0x00000000       0x20 src/syscalls.o
 .text._fork    0x00000000       0x16 src/syscalls.o
 .text._execve  0x00000000       0x22 src/syscalls.o
 .debug_info    0x00000000      0xf2e src/syscalls.o
 .debug_abbrev  0x00000000      0x2aa src/syscalls.o
 .debug_aranges
                0x00000000       0xb0 src/syscalls.o
 .debug_ranges  0x00000000       0xa0 src/syscalls.o
 .debug_macro   0x00000000      0x243 src/syscalls.o
 .debug_macro   0x00000000      0xa66 src/syscalls.o
 .debug_macro   0x00000000       0x22 src/syscalls.o
 .debug_macro   0x00000000       0x58 src/syscalls.o
 .debug_macro   0x00000000       0x18 src/syscalls.o
 .debug_macro   0x00000000       0x94 src/syscalls.o
 .debug_macro   0x00000000       0x35 src/syscalls.o
 .debug_macro   0x00000000       0x34 src/syscalls.o
 .debug_macro   0x00000000       0x57 src/syscalls.o
 .debug_macro   0x00000000      0x174 src/syscalls.o
 .debug_macro   0x00000000      0x330 src/syscalls.o
 .debug_macro   0x00000000       0x58 src/syscalls.o
 .debug_macro   0x00000000       0x1f src/syscalls.o
 .debug_macro   0x00000000       0x43 src/syscalls.o
 .debug_macro   0x00000000       0x20 src/syscalls.o
 .debug_macro   0x00000000      0x18e src/syscalls.o
 .debug_macro   0x00000000       0x10 src/syscalls.o
 .debug_macro   0x00000000       0x35 src/syscalls.o
 .debug_macro   0x00000000       0x10 src/syscalls.o
 .debug_macro   0x00000000       0x10 src/syscalls.o
 .debug_macro   0x00000000       0x10 src/syscalls.o
 .debug_macro   0x00000000       0x6a src/syscalls.o
 .debug_macro   0x00000000       0x1c src/syscalls.o
 .debug_macro   0x00000000       0x52 src/syscalls.o
 .debug_macro   0x00000000       0x40 src/syscalls.o
 .debug_macro   0x00000000       0x10 src/syscalls.o
 .debug_macro   0x00000000       0x40 src/syscalls.o
 .debug_macro   0x00000000       0xd7 src/syscalls.o
 .debug_macro   0x00000000       0x1c src/syscalls.o
 .debug_macro   0x00000000       0x3d src/syscalls.o
 .debug_macro   0x00000000       0x35 src/syscalls.o
 .debug_macro   0x00000000      0x122 src/syscalls.o
 .debug_macro   0x00000000       0x16 src/syscalls.o
 .debug_macro   0x00000000       0x16 src/syscalls.o
 .debug_macro   0x00000000       0x29 src/syscalls.o
 .debug_macro   0x00000000       0x10 src/syscalls.o
 .debug_macro   0x00000000      0x241 src/syscalls.o
 .debug_macro   0x00000000       0x1c src/syscalls.o
 .debug_macro   0x00000000       0x10 src/syscalls.o
 .debug_macro   0x00000000       0x10 src/syscalls.o
 .debug_macro   0x00000000       0x16 src/syscalls.o
 .debug_macro   0x00000000      0x16f src/syscalls.o
 .debug_macro   0x00000000      0x189 src/syscalls.o
 .debug_macro   0x00000000       0x16 src/syscalls.o
 .debug_macro   0x00000000       0x88 src/syscalls.o
 .debug_line    0x00000000      0x5df src/syscalls.o
 .debug_str     0x00000000     0x8593 src/syscalls.o
 .comment       0x00000000       0x80 src/syscalls.o
 .debug_frame   0x00000000      0x2d0 src/syscalls.o
 .ARM.attributes
                0x00000000       0x39 src/syscalls.o
 .group         0x00000000        0xc src/system_stm32f4xx.o
 .group         0x00000000        0xc src/system_stm32f4xx.o
 .group         0x00000000        0xc src/system_stm32f4xx.o
 .group         0x00000000        0xc src/system_stm32f4xx.o
 .group         0x00000000        0xc src/system_stm32f4xx.o
 .group         0x00000000        0xc src/system_stm32f4xx.o
 .group         0x00000000        0xc src/system_stm32f4xx.o
 .group         0x00000000        0xc src/system_stm32f4xx.o
 .group         0x00000000        0xc src/system_stm32f4xx.o
 .group         0x00000000        0xc src/system_stm32f4xx.o
 .group         0x00000000        0xc src/system_stm32f4xx.o
 .group         0x00000000        0xc src/system_stm32f4xx.o
 .group         0x00000000        0xc src/system_stm32f4xx.o
 .text          0x00000000        0x0 src/system_stm32f4xx.o
 .data          0x00000000       0x14 src/system_stm32f4xx.o
 .bss           0x00000000        0x0 src/system_stm32f4xx.o
 .text.SystemCoreClockUpdate
                0x00000000       0xf8 src/system_stm32f4xx.o
 .debug_macro   0x00000000      0xa66 src/system_stm32f4xx.o
 .debug_macro   0x00000000       0x65 src/system_stm32f4xx.o
 .debug_macro   0x00000000       0x3b src/system_stm32f4xx.o
 .debug_macro   0x00000000       0x22 src/system_stm32f4xx.o
 .debug_macro   0x00000000       0x8e src/system_stm32f4xx.o
 .debug_macro   0x00000000       0x51 src/system_stm32f4xx.o
 .debug_macro   0x00000000       0xef src/system_stm32f4xx.o
 .debug_macro   0x00000000       0x6a src/system_stm32f4xx.o
 .debug_macro   0x00000000      0x1df src/system_stm32f4xx.o
 .debug_macro   0x00000000       0x34 src/system_stm32f4xx.o
 .debug_macro   0x00000000       0x26 src/system_stm32f4xx.o
 .debug_macro   0x00000000      0xe43 src/system_stm32f4xx.o
 .debug_macro   0x00000000     0x800a src/system_stm32f4xx.o
 .text          0x00000000       0x14 startup/startup_stm32.o
 .data          0x00000000        0x0 startup/startup_stm32.o
 .bss           0x00000000        0x0 startup/startup_stm32.o
 .data          0x00000000        0x0 c:/ac6/systemworkbench/plugins/fr.ac6.mcu.externaltools.arm-none.win32_1.17.0.201812190825/tools/compiler/bin/../lib/gcc/arm-none-eabi/7.3.1/thumb/v7e-m/fpv4-sp/hard\libgcc.a(_arm_addsubdf3.o)
 .bss           0x00000000        0x0 c:/ac6/systemworkbench/plugins/fr.ac6.mcu.externaltools.arm-none.win32_1.17.0.201812190825/tools/compiler/bin/../lib/gcc/arm-none-eabi/7.3.1/thumb/v7e-m/fpv4-sp/hard\libgcc.a(_arm_addsubdf3.o)
 .data          0x00000000        0x0 c:/ac6/systemworkbench/plugins/fr.ac6.mcu.externaltools.arm-none.win32_1.17.0.201812190825/tools/compiler/bin/../lib/gcc/arm-none-eabi/7.3.1/thumb/v7e-m/fpv4-sp/hard\libgcc.a(_arm_muldivdf3.o)
 .bss           0x00000000        0x0 c:/ac6/systemworkbench/plugins/fr.ac6.mcu.externaltools.arm-none.win32_1.17.0.201812190825/tools/compiler/bin/../lib/gcc/arm-none-eabi/7.3.1/thumb/v7e-m/fpv4-sp/hard\libgcc.a(_arm_muldivdf3.o)
 .text          0x00000000       0x40 c:/ac6/systemworkbench/plugins/fr.ac6.mcu.externaltools.arm-none.win32_1.17.0.201812190825/tools/compiler/bin/../lib/gcc/arm-none-eabi/7.3.1/thumb/v7e-m/fpv4-sp/hard\libgcc.a(_arm_fixunsdfsi.o)
 .data          0x00000000        0x0 c:/ac6/systemworkbench/plugins/fr.ac6.mcu.externaltools.arm-none.win32_1.17.0.201812190825/tools/compiler/bin/../lib/gcc/arm-none-eabi/7.3.1/thumb/v7e-m/fpv4-sp/hard\libgcc.a(_arm_fixunsdfsi.o)
 .bss           0x00000000        0x0 c:/ac6/systemworkbench/plugins/fr.ac6.mcu.externaltools.arm-none.win32_1.17.0.201812190825/tools/compiler/bin/../lib/gcc/arm-none-eabi/7.3.1/thumb/v7e-m/fpv4-sp/hard\libgcc.a(_arm_fixunsdfsi.o)
 .debug_frame   0x00000000       0x24 c:/ac6/systemworkbench/plugins/fr.ac6.mcu.externaltools.arm-none.win32_1.17.0.201812190825/tools/compiler/bin/../lib/gcc/arm-none-eabi/7.3.1/thumb/v7e-m/fpv4-sp/hard\libgcc.a(_arm_fixunsdfsi.o)
 .ARM.attributes
                0x00000000       0x22 c:/ac6/systemworkbench/plugins/fr.ac6.mcu.externaltools.arm-none.win32_1.17.0.201812190825/tools/compiler/bin/../lib/gcc/arm-none-eabi/7.3.1/thumb/v7e-m/fpv4-sp/hard\libgcc.a(_arm_fixunsdfsi.o)
 .data          0x00000000        0x0 c:/ac6/systemworkbench/plugins/fr.ac6.mcu.externaltools.arm-none.win32_1.17.0.201812190825/tools/compiler/bin/../lib/gcc/arm-none-eabi/7.3.1/thumb/v7e-m/fpv4-sp/hard\libgcc.a(_arm_truncdfsf2.o)
 .bss           0x00000000        0x0 c:/ac6/systemworkbench/plugins/fr.ac6.mcu.externaltools.arm-none.win32_1.17.0.201812190825/tools/compiler/bin/../lib/gcc/arm-none-eabi/7.3.1/thumb/v7e-m/fpv4-sp/hard\libgcc.a(_arm_truncdfsf2.o)
 .text          0x00000000        0x0 c:/ac6/systemworkbench/plugins/fr.ac6.mcu.externaltools.arm-none.win32_1.17.0.201812190825/tools/compiler/bin/../lib/gcc/arm-none-eabi/7.3.1/../../../../arm-none-eabi/lib/thumb/v7e-m/fpv4-sp/hard\libc.a(lib_a-errno.o)
 .data          0x00000000        0x0 c:/ac6/systemworkbench/plugins/fr.ac6.mcu.externaltools.arm-none.win32_1.17.0.201812190825/tools/compiler/bin/../lib/gcc/arm-none-eabi/7.3.1/../../../../arm-none-eabi/lib/thumb/v7e-m/fpv4-sp/hard\libc.a(lib_a-errno.o)
 .bss           0x00000000        0x0 c:/ac6/systemworkbench/plugins/fr.ac6.mcu.externaltools.arm-none.win32_1.17.0.201812190825/tools/compiler/bin/../lib/gcc/arm-none-eabi/7.3.1/../../../../arm-none-eabi/lib/thumb/v7e-m/fpv4-sp/hard\libc.a(lib_a-errno.o)
 .text.__errno  0x00000000        0xc c:/ac6/systemworkbench/plugins/fr.ac6.mcu.externaltools.arm-none.win32_1.17.0.201812190825/tools/compiler/bin/../lib/gcc/arm-none-eabi/7.3.1/../../../../arm-none-eabi/lib/thumb/v7e-m/fpv4-sp/hard\libc.a(lib_a-errno.o)
 .debug_frame   0x00000000       0x20 c:/ac6/systemworkbench/plugins/fr.ac6.mcu.externaltools.arm-none.win32_1.17.0.201812190825/tools/compiler/bin/../lib/gcc/arm-none-eabi/7.3.1/../../../../arm-none-eabi/lib/thumb/v7e-m/fpv4-sp/hard\libc.a(lib_a-errno.o)
 .ARM.attributes
                0x00000000       0x34 c:/ac6/systemworkbench/plugins/fr.ac6.mcu.externaltools.arm-none.win32_1.17.0.201812190825/tools/compiler/bin/../lib/gcc/arm-none-eabi/7.3.1/../../../../arm-none-eabi/lib/thumb/v7e-m/fpv4-sp/hard\libc.a(lib_a-errno.o)
 .text          0x00000000        0x0 c:/ac6/systemworkbench/plugins/fr.ac6.mcu.externaltools.arm-none.win32_1.17.0.201812190825/tools/compiler/bin/../lib/gcc/arm-none-eabi/7.3.1/../../../../arm-none-eabi/lib/thumb/v7e-m/fpv4-sp/hard\libc.a(lib_a-exit.o)
 .data          0x00000000        0x0 c:/ac6/systemworkbench/plugins/fr.ac6.mcu.externaltools.arm-none.win32_1.17.0.201812190825/tools/compiler/bin/../lib/gcc/arm-none-eabi/7.3.1/../../../../arm-none-eabi/lib/thumb/v7e-m/fpv4-sp/hard\libc.a(lib_a-exit.o)
 .bss           0x00000000        0x0 c:/ac6/systemworkbench/plugins/fr.ac6.mcu.externaltools.arm-none.win32_1.17.0.201812190825/tools/compiler/bin/../lib/gcc/arm-none-eabi/7.3.1/../../../../arm-none-eabi/lib/thumb/v7e-m/fpv4-sp/hard\libc.a(lib_a-exit.o)
 .text.exit     0x00000000       0x20 c:/ac6/systemworkbench/plugins/fr.ac6.mcu.externaltools.arm-none.win32_1.17.0.201812190825/tools/compiler/bin/../lib/gcc/arm-none-eabi/7.3.1/../../../../arm-none-eabi/lib/thumb/v7e-m/fpv4-sp/hard\libc.a(lib_a-exit.o)
 .debug_frame   0x00000000       0x28 c:/ac6/systemworkbench/plugins/fr.ac6.mcu.externaltools.arm-none.win32_1.17.0.201812190825/tools/compiler/bin/../lib/gcc/arm-none-eabi/7.3.1/../../../../arm-none-eabi/lib/thumb/v7e-m/fpv4-sp/hard\libc.a(lib_a-exit.o)
 .ARM.attributes
                0x00000000       0x34 c:/ac6/systemworkbench/plugins/fr.ac6.mcu.externaltools.arm-none.win32_1.17.0.201812190825/tools/compiler/bin/../lib/gcc/arm-none-eabi/7.3.1/../../../../arm-none-eabi/lib/thumb/v7e-m/fpv4-sp/hard\libc.a(lib_a-exit.o)
 .text          0x00000000        0x0 c:/ac6/systemworkbench/plugins/fr.ac6.mcu.externaltools.arm-none.win32_1.17.0.201812190825/tools/compiler/bin/../lib/gcc/arm-none-eabi/7.3.1/../../../../arm-none-eabi/lib/thumb/v7e-m/fpv4-sp/hard\libc.a(lib_a-impure.o)
 .data          0x00000000        0x0 c:/ac6/systemworkbench/plugins/fr.ac6.mcu.externaltools.arm-none.win32_1.17.0.201812190825/tools/compiler/bin/../lib/gcc/arm-none-eabi/7.3.1/../../../../arm-none-eabi/lib/thumb/v7e-m/fpv4-sp/hard\libc.a(lib_a-impure.o)
 .bss           0x00000000        0x0 c:/ac6/systemworkbench/plugins/fr.ac6.mcu.externaltools.arm-none.win32_1.17.0.201812190825/tools/compiler/bin/../lib/gcc/arm-none-eabi/7.3.1/../../../../arm-none-eabi/lib/thumb/v7e-m/fpv4-sp/hard\libc.a(lib_a-impure.o)
 .data._impure_ptr
                0x00000000        0x4 c:/ac6/systemworkbench/plugins/fr.ac6.mcu.externaltools.arm-none.win32_1.17.0.201812190825/tools/compiler/bin/../lib/gcc/arm-none-eabi/7.3.1/../../../../arm-none-eabi/lib/thumb/v7e-m/fpv4-sp/hard\libc.a(lib_a-impure.o)
 .text          0x00000000        0x0 c:/ac6/systemworkbench/plugins/fr.ac6.mcu.externaltools.arm-none.win32_1.17.0.201812190825/tools/compiler/bin/../lib/gcc/arm-none-eabi/7.3.1/../../../../arm-none-eabi/lib/thumb/v7e-m/fpv4-sp/hard\libc.a(lib_a-init.o)
 .data          0x00000000        0x0 c:/ac6/systemworkbench/plugins/fr.ac6.mcu.externaltools.arm-none.win32_1.17.0.201812190825/tools/compiler/bin/../lib/gcc/arm-none-eabi/7.3.1/../../../../arm-none-eabi/lib/thumb/v7e-m/fpv4-sp/hard\libc.a(lib_a-init.o)
 .bss           0x00000000        0x0 c:/ac6/systemworkbench/plugins/fr.ac6.mcu.externaltools.arm-none.win32_1.17.0.201812190825/tools/compiler/bin/../lib/gcc/arm-none-eabi/7.3.1/../../../../arm-none-eabi/lib/thumb/v7e-m/fpv4-sp/hard\libc.a(lib_a-init.o)
 .text          0x00000000        0x0 c:/ac6/systemworkbench/plugins/fr.ac6.mcu.externaltools.arm-none.win32_1.17.0.201812190825/tools/compiler/bin/../lib/gcc/arm-none-eabi/7.3.1/../../../../arm-none-eabi/lib/thumb/v7e-m/fpv4-sp/hard\libc.a(lib_a-itoa.o)
 .data          0x00000000        0x0 c:/ac6/systemworkbench/plugins/fr.ac6.mcu.externaltools.arm-none.win32_1.17.0.201812190825/tools/compiler/bin/../lib/gcc/arm-none-eabi/7.3.1/../../../../arm-none-eabi/lib/thumb/v7e-m/fpv4-sp/hard\libc.a(lib_a-itoa.o)
 .bss           0x00000000        0x0 c:/ac6/systemworkbench/plugins/fr.ac6.mcu.externaltools.arm-none.win32_1.17.0.201812190825/tools/compiler/bin/../lib/gcc/arm-none-eabi/7.3.1/../../../../arm-none-eabi/lib/thumb/v7e-m/fpv4-sp/hard\libc.a(lib_a-itoa.o)
 .text.__itoa   0x00000000       0x38 c:/ac6/systemworkbench/plugins/fr.ac6.mcu.externaltools.arm-none.win32_1.17.0.201812190825/tools/compiler/bin/../lib/gcc/arm-none-eabi/7.3.1/../../../../arm-none-eabi/lib/thumb/v7e-m/fpv4-sp/hard\libc.a(lib_a-itoa.o)
 .text.itoa     0x00000000        0x4 c:/ac6/systemworkbench/plugins/fr.ac6.mcu.externaltools.arm-none.win32_1.17.0.201812190825/tools/compiler/bin/../lib/gcc/arm-none-eabi/7.3.1/../../../../arm-none-eabi/lib/thumb/v7e-m/fpv4-sp/hard\libc.a(lib_a-itoa.o)
 .debug_frame   0x00000000       0x3c c:/ac6/systemworkbench/plugins/fr.ac6.mcu.externaltools.arm-none.win32_1.17.0.201812190825/tools/compiler/bin/../lib/gcc/arm-none-eabi/7.3.1/../../../../arm-none-eabi/lib/thumb/v7e-m/fpv4-sp/hard\libc.a(lib_a-itoa.o)
 .ARM.attributes
                0x00000000       0x34 c:/ac6/systemworkbench/plugins/fr.ac6.mcu.externaltools.arm-none.win32_1.17.0.201812190825/tools/compiler/bin/../lib/gcc/arm-none-eabi/7.3.1/../../../../arm-none-eabi/lib/thumb/v7e-m/fpv4-sp/hard\libc.a(lib_a-itoa.o)
 .text          0x00000000        0x0 c:/ac6/systemworkbench/plugins/fr.ac6.mcu.externaltools.arm-none.win32_1.17.0.201812190825/tools/compiler/bin/../lib/gcc/arm-none-eabi/7.3.1/../../../../arm-none-eabi/lib/thumb/v7e-m/fpv4-sp/hard\libc.a(lib_a-memset.o)
 .data          0x00000000        0x0 c:/ac6/systemworkbench/plugins/fr.ac6.mcu.externaltools.arm-none.win32_1.17.0.201812190825/tools/compiler/bin/../lib/gcc/arm-none-eabi/7.3.1/../../../../arm-none-eabi/lib/thumb/v7e-m/fpv4-sp/hard\libc.a(lib_a-memset.o)
 .bss           0x00000000        0x0 c:/ac6/systemworkbench/plugins/fr.ac6.mcu.externaltools.arm-none.win32_1.17.0.201812190825/tools/compiler/bin/../lib/gcc/arm-none-eabi/7.3.1/../../../../arm-none-eabi/lib/thumb/v7e-m/fpv4-sp/hard\libc.a(lib_a-memset.o)
 .text.memset   0x00000000       0x94 c:/ac6/systemworkbench/plugins/fr.ac6.mcu.externaltools.arm-none.win32_1.17.0.201812190825/tools/compiler/bin/../lib/gcc/arm-none-eabi/7.3.1/../../../../arm-none-eabi/lib/thumb/v7e-m/fpv4-sp/hard\libc.a(lib_a-memset.o)
 .debug_frame   0x00000000       0x38 c:/ac6/systemworkbench/plugins/fr.ac6.mcu.externaltools.arm-none.win32_1.17.0.201812190825/tools/compiler/bin/../lib/gcc/arm-none-eabi/7.3.1/../../../../arm-none-eabi/lib/thumb/v7e-m/fpv4-sp/hard\libc.a(lib_a-memset.o)
 .ARM.attributes
                0x00000000       0x34 c:/ac6/systemworkbench/plugins/fr.ac6.mcu.externaltools.arm-none.win32_1.17.0.201812190825/tools/compiler/bin/../lib/gcc/arm-none-eabi/7.3.1/../../../../arm-none-eabi/lib/thumb/v7e-m/fpv4-sp/hard\libc.a(lib_a-memset.o)
 .text          0x00000000        0x0 c:/ac6/systemworkbench/plugins/fr.ac6.mcu.externaltools.arm-none.win32_1.17.0.201812190825/tools/compiler/bin/../lib/gcc/arm-none-eabi/7.3.1/../../../../arm-none-eabi/lib/thumb/v7e-m/fpv4-sp/hard\libc.a(lib_a-utoa.o)
 .data          0x00000000        0x0 c:/ac6/systemworkbench/plugins/fr.ac6.mcu.externaltools.arm-none.win32_1.17.0.201812190825/tools/compiler/bin/../lib/gcc/arm-none-eabi/7.3.1/../../../../arm-none-eabi/lib/thumb/v7e-m/fpv4-sp/hard\libc.a(lib_a-utoa.o)
 .bss           0x00000000        0x0 c:/ac6/systemworkbench/plugins/fr.ac6.mcu.externaltools.arm-none.win32_1.17.0.201812190825/tools/compiler/bin/../lib/gcc/arm-none-eabi/7.3.1/../../../../arm-none-eabi/lib/thumb/v7e-m/fpv4-sp/hard\libc.a(lib_a-utoa.o)
 .text.__utoa   0x00000000       0x80 c:/ac6/systemworkbench/plugins/fr.ac6.mcu.externaltools.arm-none.win32_1.17.0.201812190825/tools/compiler/bin/../lib/gcc/arm-none-eabi/7.3.1/../../../../arm-none-eabi/lib/thumb/v7e-m/fpv4-sp/hard\libc.a(lib_a-utoa.o)
 .text.utoa     0x00000000        0x4 c:/ac6/systemworkbench/plugins/fr.ac6.mcu.externaltools.arm-none.win32_1.17.0.201812190825/tools/compiler/bin/../lib/gcc/arm-none-eabi/7.3.1/../../../../arm-none-eabi/lib/thumb/v7e-m/fpv4-sp/hard\libc.a(lib_a-utoa.o)
 .rodata.__utoa.str1.4
                0x00000000       0x25 c:/ac6/systemworkbench/plugins/fr.ac6.mcu.externaltools.arm-none.win32_1.17.0.201812190825/tools/compiler/bin/../lib/gcc/arm-none-eabi/7.3.1/../../../../arm-none-eabi/lib/thumb/v7e-m/fpv4-sp/hard\libc.a(lib_a-utoa.o)
 .debug_frame   0x00000000       0x4c c:/ac6/systemworkbench/plugins/fr.ac6.mcu.externaltools.arm-none.win32_1.17.0.201812190825/tools/compiler/bin/../lib/gcc/arm-none-eabi/7.3.1/../../../../arm-none-eabi/lib/thumb/v7e-m/fpv4-sp/hard\libc.a(lib_a-utoa.o)
 .ARM.attributes
                0x00000000       0x34 c:/ac6/systemworkbench/plugins/fr.ac6.mcu.externaltools.arm-none.win32_1.17.0.201812190825/tools/compiler/bin/../lib/gcc/arm-none-eabi/7.3.1/../../../../arm-none-eabi/lib/thumb/v7e-m/fpv4-sp/hard\libc.a(lib_a-utoa.o)
 .text          0x00000000        0x0 c:/ac6/systemworkbench/plugins/fr.ac6.mcu.externaltools.arm-none.win32_1.17.0.201812190825/tools/compiler/bin/../lib/gcc/arm-none-eabi/7.3.1/../../../../arm-none-eabi/lib/thumb/v7e-m/fpv4-sp/hard\libc.a(lib_a-__call_atexit.o)
 .data          0x00000000        0x0 c:/ac6/systemworkbench/plugins/fr.ac6.mcu.externaltools.arm-none.win32_1.17.0.201812190825/tools/compiler/bin/../lib/gcc/arm-none-eabi/7.3.1/../../../../arm-none-eabi/lib/thumb/v7e-m/fpv4-sp/hard\libc.a(lib_a-__call_atexit.o)
 .bss           0x00000000        0x0 c:/ac6/systemworkbench/plugins/fr.ac6.mcu.externaltools.arm-none.win32_1.17.0.201812190825/tools/compiler/bin/../lib/gcc/arm-none-eabi/7.3.1/../../../../arm-none-eabi/lib/thumb/v7e-m/fpv4-sp/hard\libc.a(lib_a-__call_atexit.o)
 .text.__call_exitprocs
                0x00000000       0xe8 c:/ac6/systemworkbench/plugins/fr.ac6.mcu.externaltools.arm-none.win32_1.17.0.201812190825/tools/compiler/bin/../lib/gcc/arm-none-eabi/7.3.1/../../../../arm-none-eabi/lib/thumb/v7e-m/fpv4-sp/hard\libc.a(lib_a-__call_atexit.o)
 .text          0x00000000        0x0 c:/ac6/systemworkbench/plugins/fr.ac6.mcu.externaltools.arm-none.win32_1.17.0.201812190825/tools/compiler/bin/../lib/gcc/arm-none-eabi/7.3.1/../../../../arm-none-eabi/lib/thumb/v7e-m/fpv4-sp/hard\libc.a(lib_a-atexit.o)
 .data          0x00000000        0x0 c:/ac6/systemworkbench/plugins/fr.ac6.mcu.externaltools.arm-none.win32_1.17.0.201812190825/tools/compiler/bin/../lib/gcc/arm-none-eabi/7.3.1/../../../../arm-none-eabi/lib/thumb/v7e-m/fpv4-sp/hard\libc.a(lib_a-atexit.o)
 .bss           0x00000000        0x0 c:/ac6/systemworkbench/plugins/fr.ac6.mcu.externaltools.arm-none.win32_1.17.0.201812190825/tools/compiler/bin/../lib/gcc/arm-none-eabi/7.3.1/../../../../arm-none-eabi/lib/thumb/v7e-m/fpv4-sp/hard\libc.a(lib_a-atexit.o)
 .text          0x00000000        0x0 c:/ac6/systemworkbench/plugins/fr.ac6.mcu.externaltools.arm-none.win32_1.17.0.201812190825/tools/compiler/bin/../lib/gcc/arm-none-eabi/7.3.1/../../../../arm-none-eabi/lib/thumb/v7e-m/fpv4-sp/hard\libc.a(lib_a-fini.o)
 .data          0x00000000        0x0 c:/ac6/systemworkbench/plugins/fr.ac6.mcu.externaltools.arm-none.win32_1.17.0.201812190825/tools/compiler/bin/../lib/gcc/arm-none-eabi/7.3.1/../../../../arm-none-eabi/lib/thumb/v7e-m/fpv4-sp/hard\libc.a(lib_a-fini.o)
 .bss           0x00000000        0x0 c:/ac6/systemworkbench/plugins/fr.ac6.mcu.externaltools.arm-none.win32_1.17.0.201812190825/tools/compiler/bin/../lib/gcc/arm-none-eabi/7.3.1/../../../../arm-none-eabi/lib/thumb/v7e-m/fpv4-sp/hard\libc.a(lib_a-fini.o)
 .text          0x00000000        0x0 c:/ac6/systemworkbench/plugins/fr.ac6.mcu.externaltools.arm-none.win32_1.17.0.201812190825/tools/compiler/bin/../lib/gcc/arm-none-eabi/7.3.1/../../../../arm-none-eabi/lib/thumb/v7e-m/fpv4-sp/hard\libc.a(lib_a-lock.o)
 .data          0x00000000        0x0 c:/ac6/systemworkbench/plugins/fr.ac6.mcu.externaltools.arm-none.win32_1.17.0.201812190825/tools/compiler/bin/../lib/gcc/arm-none-eabi/7.3.1/../../../../arm-none-eabi/lib/thumb/v7e-m/fpv4-sp/hard\libc.a(lib_a-lock.o)
 .bss           0x00000000        0x0 c:/ac6/systemworkbench/plugins/fr.ac6.mcu.externaltools.arm-none.win32_1.17.0.201812190825/tools/compiler/bin/../lib/gcc/arm-none-eabi/7.3.1/../../../../arm-none-eabi/lib/thumb/v7e-m/fpv4-sp/hard\libc.a(lib_a-lock.o)
 .text.__retarget_lock_init
                0x00000000        0x4 c:/ac6/systemworkbench/plugins/fr.ac6.mcu.externaltools.arm-none.win32_1.17.0.201812190825/tools/compiler/bin/../lib/gcc/arm-none-eabi/7.3.1/../../../../arm-none-eabi/lib/thumb/v7e-m/fpv4-sp/hard\libc.a(lib_a-lock.o)
 .text.__retarget_lock_init_recursive
                0x00000000        0x4 c:/ac6/systemworkbench/plugins/fr.ac6.mcu.externaltools.arm-none.win32_1.17.0.201812190825/tools/compiler/bin/../lib/gcc/arm-none-eabi/7.3.1/../../../../arm-none-eabi/lib/thumb/v7e-m/fpv4-sp/hard\libc.a(lib_a-lock.o)
 .text.__retarget_lock_close
                0x00000000        0x4 c:/ac6/systemworkbench/plugins/fr.ac6.mcu.externaltools.arm-none.win32_1.17.0.201812190825/tools/compiler/bin/../lib/gcc/arm-none-eabi/7.3.1/../../../../arm-none-eabi/lib/thumb/v7e-m/fpv4-sp/hard\libc.a(lib_a-lock.o)
 .text.__retarget_lock_close_recursive
                0x00000000        0x4 c:/ac6/systemworkbench/plugins/fr.ac6.mcu.externaltools.arm-none.win32_1.17.0.201812190825/tools/compiler/bin/../lib/gcc/arm-none-eabi/7.3.1/../../../../arm-none-eabi/lib/thumb/v7e-m/fpv4-sp/hard\libc.a(lib_a-lock.o)
 .text.__retarget_lock_acquire
                0x00000000        0x4 c:/ac6/systemworkbench/plugins/fr.ac6.mcu.externaltools.arm-none.win32_1.17.0.201812190825/tools/compiler/bin/../lib/gcc/arm-none-eabi/7.3.1/../../../../arm-none-eabi/lib/thumb/v7e-m/fpv4-sp/hard\libc.a(lib_a-lock.o)
 .text.__retarget_lock_try_acquire
                0x00000000        0x4 c:/ac6/systemworkbench/plugins/fr.ac6.mcu.externaltools.arm-none.win32_1.17.0.201812190825/tools/compiler/bin/../lib/gcc/arm-none-eabi/7.3.1/../../../../arm-none-eabi/lib/thumb/v7e-m/fpv4-sp/hard\libc.a(lib_a-lock.o)
 .text.__retarget_lock_try_acquire_recursive
                0x00000000        0x4 c:/ac6/systemworkbench/plugins/fr.ac6.mcu.externaltools.arm-none.win32_1.17.0.201812190825/tools/compiler/bin/../lib/gcc/arm-none-eabi/7.3.1/../../../../arm-none-eabi/lib/thumb/v7e-m/fpv4-sp/hard\libc.a(lib_a-lock.o)
 .text.__retarget_lock_release
                0x00000000        0x4 c:/ac6/systemworkbench/plugins/fr.ac6.mcu.externaltools.arm-none.win32_1.17.0.201812190825/tools/compiler/bin/../lib/gcc/arm-none-eabi/7.3.1/../../../../arm-none-eabi/lib/thumb/v7e-m/fpv4-sp/hard\libc.a(lib_a-lock.o)
 .text          0x00000000        0x0 c:/ac6/systemworkbench/plugins/fr.ac6.mcu.externaltools.arm-none.win32_1.17.0.201812190825/tools/compiler/bin/../lib/gcc/arm-none-eabi/7.3.1/../../../../arm-none-eabi/lib/thumb/v7e-m/fpv4-sp/hard\libc.a(lib_a-__atexit.o)
 .data          0x00000000        0x0 c:/ac6/systemworkbench/plugins/fr.ac6.mcu.externaltools.arm-none.win32_1.17.0.201812190825/tools/compiler/bin/../lib/gcc/arm-none-eabi/7.3.1/../../../../arm-none-eabi/lib/thumb/v7e-m/fpv4-sp/hard\libc.a(lib_a-__atexit.o)
 .bss           0x00000000        0x0 c:/ac6/systemworkbench/plugins/fr.ac6.mcu.externaltools.arm-none.win32_1.17.0.201812190825/tools/compiler/bin/../lib/gcc/arm-none-eabi/7.3.1/../../../../arm-none-eabi/lib/thumb/v7e-m/fpv4-sp/hard\libc.a(lib_a-__atexit.o)
 .text          0x00000000        0x0 c:/ac6/systemworkbench/plugins/fr.ac6.mcu.externaltools.arm-none.win32_1.17.0.201812190825/tools/compiler/bin/../lib/gcc/arm-none-eabi/7.3.1/thumb/v7e-m/fpv4-sp/hard/crtend.o
 .data          0x00000000        0x0 c:/ac6/systemworkbench/plugins/fr.ac6.mcu.externaltools.arm-none.win32_1.17.0.201812190825/tools/compiler/bin/../lib/gcc/arm-none-eabi/7.3.1/thumb/v7e-m/fpv4-sp/hard/crtend.o
 .bss           0x00000000        0x0 c:/ac6/systemworkbench/plugins/fr.ac6.mcu.externaltools.arm-none.win32_1.17.0.201812190825/tools/compiler/bin/../lib/gcc/arm-none-eabi/7.3.1/thumb/v7e-m/fpv4-sp/hard/crtend.o
 .eh_frame      0x00000000        0x4 c:/ac6/systemworkbench/plugins/fr.ac6.mcu.externaltools.arm-none.win32_1.17.0.201812190825/tools/compiler/bin/../lib/gcc/arm-none-eabi/7.3.1/thumb/v7e-m/fpv4-sp/hard/crtend.o
 .ARM.attributes
                0x00000000       0x34 c:/ac6/systemworkbench/plugins/fr.ac6.mcu.externaltools.arm-none.win32_1.17.0.201812190825/tools/compiler/bin/../lib/gcc/arm-none-eabi/7.3.1/thumb/v7e-m/fpv4-sp/hard/crtend.o
 .text          0x00000000        0x0 c:/ac6/systemworkbench/plugins/fr.ac6.mcu.externaltools.arm-none.win32_1.17.0.201812190825/tools/compiler/bin/../lib/gcc/arm-none-eabi/7.3.1/thumb/v7e-m/fpv4-sp/hard/crtn.o
 .data          0x00000000        0x0 c:/ac6/systemworkbench/plugins/fr.ac6.mcu.externaltools.arm-none.win32_1.17.0.201812190825/tools/compiler/bin/../lib/gcc/arm-none-eabi/7.3.1/thumb/v7e-m/fpv4-sp/hard/crtn.o
 .bss           0x00000000        0x0 c:/ac6/systemworkbench/plugins/fr.ac6.mcu.externaltools.arm-none.win32_1.17.0.201812190825/tools/compiler/bin/../lib/gcc/arm-none-eabi/7.3.1/thumb/v7e-m/fpv4-sp/hard/crtn.o

Memory Configuration

Name             Origin             Length             Attributes
RAM              0x20000000         0x00010000         xrw
ROM              0x08000000         0x00040000         xr
*default*        0x00000000         0xffffffff

Linker script and memory map

LOAD c:/ac6/systemworkbench/plugins/fr.ac6.mcu.externaltools.arm-none.win32_1.17.0.201812190825/tools/compiler/bin/../lib/gcc/arm-none-eabi/7.3.1/thumb/v7e-m/fpv4-sp/hard/crti.o
LOAD c:/ac6/systemworkbench/plugins/fr.ac6.mcu.externaltools.arm-none.win32_1.17.0.201812190825/tools/compiler/bin/../lib/gcc/arm-none-eabi/7.3.1/thumb/v7e-m/fpv4-sp/hard/crtbegin.o
LOAD c:/ac6/systemworkbench/plugins/fr.ac6.mcu.externaltools.arm-none.win32_1.17.0.201812190825/tools/compiler/bin/../lib/gcc/arm-none-eabi/7.3.1/../../../../arm-none-eabi/lib/thumb/v7e-m/fpv4-sp/hard/crt0.o
LOAD Drivers/src/LCD.o
LOAD Drivers/src/PID.o
LOAD Drivers/src/PollDataClient.o
LOAD Drivers/src/PollerTimer.o
LOAD Drivers/src/SPI.o
LOAD Drivers/src/TC72.o
LOAD Drivers/src/device.o
LOAD Drivers/src/gpio.o
LOAD Drivers/src/poller.o
LOAD Drivers/src/pwm.o
LOAD src/main.o
LOAD src/syscalls.o
LOAD src/system_stm32f4xx.o
LOAD startup/startup_stm32.o
LOAD c:/ac6/systemworkbench/plugins/fr.ac6.mcu.externaltools.arm-none.win32_1.17.0.201812190825/tools/compiler/bin/../lib/gcc/arm-none-eabi/7.3.1/../../../../arm-none-eabi/lib/thumb/v7e-m/fpv4-sp/hard\libm.a
START GROUP
LOAD c:/ac6/systemworkbench/plugins/fr.ac6.mcu.externaltools.arm-none.win32_1.17.0.201812190825/tools/compiler/bin/../lib/gcc/arm-none-eabi/7.3.1/thumb/v7e-m/fpv4-sp/hard\libgcc.a
LOAD c:/ac6/systemworkbench/plugins/fr.ac6.mcu.externaltools.arm-none.win32_1.17.0.201812190825/tools/compiler/bin/../lib/gcc/arm-none-eabi/7.3.1/../../../../arm-none-eabi/lib/thumb/v7e-m/fpv4-sp/hard\libc.a
END GROUP
LOAD c:/ac6/systemworkbench/plugins/fr.ac6.mcu.externaltools.arm-none.win32_1.17.0.201812190825/tools/compiler/bin/../lib/gcc/arm-none-eabi/7.3.1/thumb/v7e-m/fpv4-sp/hard/crtend.o
LOAD c:/ac6/systemworkbench/plugins/fr.ac6.mcu.externaltools.arm-none.win32_1.17.0.201812190825/tools/compiler/bin/../lib/gcc/arm-none-eabi/7.3.1/thumb/v7e-m/fpv4-sp/hard/crtn.o
                0x20010000                _estack = 0x20010000
                0x00000000                _Min_Heap_Size = 0x0
                0x00000400                _Min_Stack_Size = 0x400

.isr_vector     0x08000000      0x194
                0x08000000                . = ALIGN (0x4)
 *(.isr_vector)
 .isr_vector    0x08000000      0x194 startup/startup_stm32.o
                0x08000000                g_pfnVectors
                0x08000194                . = ALIGN (0x4)

.text           0x08000198     0x1a04
                0x08000198                . = ALIGN (0x4)
 *(.text)
 .text          0x08000198       0x40 c:/ac6/systemworkbench/plugins/fr.ac6.mcu.externaltools.arm-none.win32_1.17.0.201812190825/tools/compiler/bin/../lib/gcc/arm-none-eabi/7.3.1/thumb/v7e-m/fpv4-sp/hard/crtbegin.o
 .text          0x080001d8      0x378 c:/ac6/systemworkbench/plugins/fr.ac6.mcu.externaltools.arm-none.win32_1.17.0.201812190825/tools/compiler/bin/../lib/gcc/arm-none-eabi/7.3.1/thumb/v7e-m/fpv4-sp/hard\libgcc.a(_arm_addsubdf3.o)
                0x080001d8                __aeabi_drsub
                0x080001e0                __aeabi_dsub
                0x080001e0                __subdf3
                0x080001e4                __aeabi_dadd
                0x080001e4                __adddf3
                0x0800045c                __floatunsidf
                0x0800045c                __aeabi_ui2d
                0x0800047c                __floatsidf
                0x0800047c                __aeabi_i2d
                0x080004a0                __aeabi_f2d
                0x080004a0                __extendsfdf2
                0x080004e4                __floatundidf
                0x080004e4                __aeabi_ul2d
                0x080004f4                __floatdidf
                0x080004f4                __aeabi_l2d
 .text          0x08000550      0x424 c:/ac6/systemworkbench/plugins/fr.ac6.mcu.externaltools.arm-none.win32_1.17.0.201812190825/tools/compiler/bin/../lib/gcc/arm-none-eabi/7.3.1/thumb/v7e-m/fpv4-sp/hard\libgcc.a(_arm_muldivdf3.o)
                0x08000550                __aeabi_dmul
                0x08000550                __muldf3
                0x080007a4                __divdf3
                0x080007a4                __aeabi_ddiv
 .text          0x08000974       0xa0 c:/ac6/systemworkbench/plugins/fr.ac6.mcu.externaltools.arm-none.win32_1.17.0.201812190825/tools/compiler/bin/../lib/gcc/arm-none-eabi/7.3.1/thumb/v7e-m/fpv4-sp/hard\libgcc.a(_arm_truncdfsf2.o)
                0x08000974                __truncdfsf2
                0x08000974                __aeabi_d2f
 *(.text*)
 .text.LCD_Init
                0x08000a14       0x6c Drivers/src/LCD.o
                0x08000a14                LCD_Init
 .text.LCD_SendCommand
                0x08000a80       0xe4 Drivers/src/LCD.o
                0x08000a80                LCD_SendCommand
 .text.LCD_DisplayCharacter
                0x08000b64       0xcc Drivers/src/LCD.o
                0x08000b64                LCD_DisplayCharacter
 .text.LCD_DisplayString
                0x08000c30       0x36 Drivers/src/LCD.o
                0x08000c30                LCD_DisplayString
 .text.PIDController_Init
                0x08000c66       0x3c Drivers/src/PID.o
                0x08000c66                PIDController_Init
 *fill*         0x08000ca2        0x6 
 .text.PIDController_Update
                0x08000ca8       0xac Drivers/src/PID.o
                0x08000ca8                PIDController_Update
 .text.Handle_data
                0x08000d54       0xfc Drivers/src/PollDataClient.o
                0x08000d54                Handle_data
 .text.NVIC_EnableIRQ
                0x08000e50       0x34 Drivers/src/PollerTimer.o
 .text.StartTimer
                0x08000e84       0x4c Drivers/src/PollerTimer.o
                0x08000e84                StartTimer
 .text.EnableInterrupt
                0x08000ed0       0x22 Drivers/src/PollerTimer.o
                0x08000ed0                EnableInterrupt
 .text.CallPollingFunction
                0x08000ef2        0xc Drivers/src/PollerTimer.o
                0x08000ef2                CallPollingFunction
 *fill*         0x08000efe        0x2 
 .text.SPI1_INIT
                0x08000f00      0x160 Drivers/src/SPI.o
                0x08000f00                SPI1_INIT
 .text.SPI1_TransmitRecieveByte
                0x08001060       0x4c Drivers/src/SPI.o
                0x08001060                SPI1_TransmitRecieveByte
 .text.TC72_Init
                0x080010ac       0x1a Drivers/src/TC72.o
                0x080010ac                TC72_Init
 .text.TC72_RegisterWrite
                0x080010c6       0x2e Drivers/src/TC72.o
                0x080010c6                TC72_RegisterWrite
 .text.TC72_RegisterRead
                0x080010f4       0x30 Drivers/src/TC72.o
                0x080010f4                TC72_RegisterRead
 .text.Get_Temp_Data
                0x08001124       0xfc Drivers/src/device.o
                0x08001124                Get_Temp_Data
 .text.floatToString
                0x08001220      0x13c Drivers/src/device.o
                0x08001220                floatToString
 .text.SPI_config
                0x0800135c       0x34 Drivers/src/device.o
                0x0800135c                SPI_config
 .text.GPIO_Init
                0x08001390      0x21c Drivers/src/gpio.o
                0x08001390                GPIO_Init
 .text.GPIO_WritePin
                0x080015ac       0x64 Drivers/src/gpio.o
                0x080015ac                GPIO_WritePin
 .text.Poll     0x08001610       0x5c Drivers/src/poller.o
                0x08001610                Poll
 .text.StartPolling
                0x0800166c       0x18 Drivers/src/poller.o
                0x0800166c                StartPolling
 .text.SetPollingTime
                0x08001684       0x30 Drivers/src/poller.o
                0x08001684                SetPollingTime
 .text.pwm_init
                0x080016b4      0x13c Drivers/src/pwm.o
                0x080016b4                pwm_init
 .text.set_level
                0x080017f0       0x3c Drivers/src/pwm.o
                0x080017f0                set_level
 .text.main     0x0800182c       0x1e src/main.o
                0x0800182c                main
 .text.TIM2_IRQHandler
                0x0800184a       0x20 src/main.o
                0x0800184a                TIM2_IRQHandler
 *fill*         0x0800186a        0x2 
 .text.SystemInit
                0x0800186c       0x6c src/system_stm32f4xx.o
                0x0800186c                SystemInit
 .text.SetSysClock
                0x080018d8       0xf4 src/system_stm32f4xx.o
 .text.Reset_Handler
                0x080019cc       0x50 startup/startup_stm32.o
                0x080019cc                Reset_Handler
 .text.Default_Handler
                0x08001a1c        0x2 startup/startup_stm32.o
                0x08001a1c                RTC_Alarm_IRQHandler
                0x08001a1c                EXTI2_IRQHandler
                0x08001a1c                DebugMon_Handler
                0x08001a1c                SPI4_IRQHandler
                0x08001a1c                TIM1_CC_IRQHandler
                0x08001a1c                HardFault_Handler
                0x08001a1c                SysTick_Handler
                0x08001a1c                PVD_IRQHandler
                0x08001a1c                SDIO_IRQHandler
                0x08001a1c                TAMP_STAMP_IRQHandler
                0x08001a1c                PendSV_Handler
                0x08001a1c                NMI_Handler
                0x08001a1c                EXTI3_IRQHandler
                0x08001a1c                TIM1_UP_TIM10_IRQHandler
                0x08001a1c                I2C3_ER_IRQHandler
                0x08001a1c                EXTI0_IRQHandler
                0x08001a1c                I2C2_EV_IRQHandler
                0x08001a1c                FPU_IRQHandler
                0x08001a1c                UsageFault_Handler
                0x08001a1c                SPI1_IRQHandler
                0x08001a1c                TIM1_BRK_TIM9_IRQHandler
                0x08001a1c                I2C1_EV_IRQHandler
                0x08001a1c                TIM3_IRQHandler
                0x08001a1c                RCC_IRQHandler
                0x08001a1c                Default_Handler
                0x08001a1c                EXTI15_10_IRQHandler
                0x08001a1c                ADC_IRQHandler
                0x08001a1c                I2C3_EV_IRQHandler
                0x08001a1c                EXTI9_5_IRQHandler
                0x08001a1c                RTC_WKUP_IRQHandler
                0x08001a1c                SPI2_IRQHandler
                0x08001a1c                MemManage_Handler
                0x08001a1c                SVC_Handler
                0x08001a1c                EXTI4_IRQHandler
                0x08001a1c                OTG_FS_WKUP_IRQHandler
                0x08001a1c                TIM1_TRG_COM_TIM11_IRQHandler
                0x08001a1c                EXTI1_IRQHandler
                0x08001a1c                I2C2_ER_IRQHandler
                0x08001a1c                FLASH_IRQHandler
                0x08001a1c                BusFault_Handler
                0x08001a1c                OTG_FS_IRQHandler
                0x08001a1c                SPI3_IRQHandler
                0x08001a1c                I2C1_ER_IRQHandler
 *fill*         0x08001a1e        0x2 
 .text.__libc_init_array
                0x08001a20       0x48 c:/ac6/systemworkbench/plugins/fr.ac6.mcu.externaltools.arm-none.win32_1.17.0.201812190825/tools/compiler/bin/../lib/gcc/arm-none-eabi/7.3.1/../../../../arm-none-eabi/lib/thumb/v7e-m/fpv4-sp/hard\libc.a(lib_a-init.o)
                0x08001a20                __libc_init_array
 .text.startup.register_fini
                0x08001a68       0x14 c:/ac6/systemworkbench/plugins/fr.ac6.mcu.externaltools.arm-none.win32_1.17.0.201812190825/tools/compiler/bin/../lib/gcc/arm-none-eabi/7.3.1/../../../../arm-none-eabi/lib/thumb/v7e-m/fpv4-sp/hard\libc.a(lib_a-__call_atexit.o)
 .text.atexit   0x08001a7c        0xc c:/ac6/systemworkbench/plugins/fr.ac6.mcu.externaltools.arm-none.win32_1.17.0.201812190825/tools/compiler/bin/../lib/gcc/arm-none-eabi/7.3.1/../../../../arm-none-eabi/lib/thumb/v7e-m/fpv4-sp/hard\libc.a(lib_a-atexit.o)
                0x08001a7c                atexit
 .text.__libc_fini_array
                0x08001a88       0x34 c:/ac6/systemworkbench/plugins/fr.ac6.mcu.externaltools.arm-none.win32_1.17.0.201812190825/tools/compiler/bin/../lib/gcc/arm-none-eabi/7.3.1/../../../../arm-none-eabi/lib/thumb/v7e-m/fpv4-sp/hard\libc.a(lib_a-fini.o)
                0x08001a88                __libc_fini_array
 .text.__retarget_lock_acquire_recursive
                0x08001abc        0x4 c:/ac6/systemworkbench/plugins/fr.ac6.mcu.externaltools.arm-none.win32_1.17.0.201812190825/tools/compiler/bin/../lib/gcc/arm-none-eabi/7.3.1/../../../../arm-none-eabi/lib/thumb/v7e-m/fpv4-sp/hard\libc.a(lib_a-lock.o)
                0x08001abc                __retarget_lock_acquire_recursive
 .text.__retarget_lock_release_recursive
                0x08001ac0        0x4 c:/ac6/systemworkbench/plugins/fr.ac6.mcu.externaltools.arm-none.win32_1.17.0.201812190825/tools/compiler/bin/../lib/gcc/arm-none-eabi/7.3.1/../../../../arm-none-eabi/lib/thumb/v7e-m/fpv4-sp/hard\libc.a(lib_a-lock.o)
                0x08001ac0                __retarget_lock_release_recursive
 .text.__register_exitproc
                0x08001ac4       0xc0 c:/ac6/systemworkbench/plugins/fr.ac6.mcu.externaltools.arm-none.win32_1.17.0.201812190825/tools/compiler/bin/../lib/gcc/arm-none-eabi/7.3.1/../../../../arm-none-eabi/lib/thumb/v7e-m/fpv4-sp/hard\libc.a(lib_a-__atexit.o)
                0x08001ac4                __register_exitproc
 *(.glue_7)
 .glue_7        0x08001b84        0x0 linker stubs
 *(.glue_7t)
 .glue_7t       0x08001b84        0x0 linker stubs
 *(.eh_frame)
 .eh_frame      0x08001b84        0x0 c:/ac6/systemworkbench/plugins/fr.ac6.mcu.externaltools.arm-none.win32_1.17.0.201812190825/tools/compiler/bin/../lib/gcc/arm-none-eabi/7.3.1/thumb/v7e-m/fpv4-sp/hard/crtbegin.o
 *(.init)
 .init          0x08001b84        0x4 c:/ac6/systemworkbench/plugins/fr.ac6.mcu.externaltools.arm-none.win32_1.17.0.201812190825/tools/compiler/bin/../lib/gcc/arm-none-eabi/7.3.1/thumb/v7e-m/fpv4-sp/hard/crti.o
                0x08001b84                _init
 .init          0x08001b88        0x8 c:/ac6/systemworkbench/plugins/fr.ac6.mcu.externaltools.arm-none.win32_1.17.0.201812190825/tools/compiler/bin/../lib/gcc/arm-none-eabi/7.3.1/thumb/v7e-m/fpv4-sp/hard/crtn.o
 *(.fini)
 .fini          0x08001b90        0x4 c:/ac6/systemworkbench/plugins/fr.ac6.mcu.externaltools.arm-none.win32_1.17.0.201812190825/tools/compiler/bin/../lib/gcc/arm-none-eabi/7.3.1/thumb/v7e-m/fpv4-sp/hard/crti.o
                0x08001b90                _fini
 .fini          0x08001b94        0x8 c:/ac6/systemworkbench/plugins/fr.ac6.mcu.externaltools.arm-none.win32_1.17.0.201812190825/tools/compiler/bin/../lib/gcc/arm-none-eabi/7.3.1/thumb/v7e-m/fpv4-sp/hard/crtn.o
                0x08001b9c                . = ALIGN (0x4)
                0x08001b9c                _etext = .

.vfp11_veneer   0x08001b9c        0x0
 .vfp11_veneer  0x08001b9c        0x0 linker stubs

.v4_bx          0x08001b9c        0x0
 .v4_bx         0x08001b9c        0x0 linker stubs

.iplt           0x08001b9c        0x0
 .iplt          0x08001b9c        0x0 c:/ac6/systemworkbench/plugins/fr.ac6.mcu.externaltools.arm-none.win32_1.17.0.201812190825/tools/compiler/bin/../lib/gcc/arm-none-eabi/7.3.1/thumb/v7e-m/fpv4-sp/hard/crtbegin.o

.rodata         0x08001b9c        0xc
                0x08001b9c                . = ALIGN (0x4)
 *(.rodata)
 .rodata        0x08001b9c        0x8 Drivers/src/PollDataClient.o
 *(.rodata*)
 .rodata._global_impure_ptr
                0x08001ba4        0x4 c:/ac6/systemworkbench/plugins/fr.ac6.mcu.externaltools.arm-none.win32_1.17.0.201812190825/tools/compiler/bin/../lib/gcc/arm-none-eabi/7.3.1/../../../../arm-none-eabi/lib/thumb/v7e-m/fpv4-sp/hard\libc.a(lib_a-impure.o)
                0x08001ba4                _global_impure_ptr
                0x08001ba8                . = ALIGN (0x4)

.rel.dyn        0x08001ba8        0x0
 .rel.iplt      0x08001ba8        0x0 c:/ac6/systemworkbench/plugins/fr.ac6.mcu.externaltools.arm-none.win32_1.17.0.201812190825/tools/compiler/bin/../lib/gcc/arm-none-eabi/7.3.1/thumb/v7e-m/fpv4-sp/hard/crtbegin.o

.ARM.extab      0x08001ba8        0x0
                0x08001ba8                . = ALIGN (0x4)
 *(.ARM.extab* .gnu.linkonce.armextab.*)
                0x08001ba8                . = ALIGN (0x4)

.ARM            0x08001ba8        0x0
                0x08001ba8                . = ALIGN (0x4)
                0x08001ba8                __exidx_start = .
 *(.ARM.exidx*)
                0x08001ba8                __exidx_end = .
                0x08001ba8                . = ALIGN (0x4)

.preinit_array  0x08001ba8        0x0
                0x08001ba8                . = ALIGN (0x4)
                0x08001ba8                PROVIDE (__preinit_array_start = .)
 *(.preinit_array*)
                0x08001ba8                PROVIDE (__preinit_array_end = .)
                0x08001ba8                . = ALIGN (0x4)

.init_array     0x08001ba8        0x8
                0x08001ba8                . = ALIGN (0x4)
                0x08001ba8                PROVIDE (__init_array_start = .)
 *(SORT_BY_NAME(.init_array.*))
 .init_array.00000
                0x08001ba8        0x4 c:/ac6/systemworkbench/plugins/fr.ac6.mcu.externaltools.arm-none.win32_1.17.0.201812190825/tools/compiler/bin/../lib/gcc/arm-none-eabi/7.3.1/../../../../arm-none-eabi/lib/thumb/v7e-m/fpv4-sp/hard\libc.a(lib_a-__call_atexit.o)
 *(.init_array*)
 .init_array    0x08001bac        0x4 c:/ac6/systemworkbench/plugins/fr.ac6.mcu.externaltools.arm-none.win32_1.17.0.201812190825/tools/compiler/bin/../lib/gcc/arm-none-eabi/7.3.1/thumb/v7e-m/fpv4-sp/hard/crtbegin.o
                0x08001bb0                PROVIDE (__init_array_end = .)
                0x08001bb0                . = ALIGN (0x4)

.fini_array     0x08001bb0        0x4
                0x08001bb0                . = ALIGN (0x4)
                0x08001bb0                PROVIDE (__fini_array_start = .)
 *(SORT_BY_NAME(.fini_array.*))
 *(.fini_array*)
 .fini_array    0x08001bb0        0x4 c:/ac6/systemworkbench/plugins/fr.ac6.mcu.externaltools.arm-none.win32_1.17.0.201812190825/tools/compiler/bin/../lib/gcc/arm-none-eabi/7.3.1/thumb/v7e-m/fpv4-sp/hard/crtbegin.o
                0x08001bb4                PROVIDE (__fini_array_end = .)
                0x08001bb4                . = ALIGN (0x4)
                0x08001bb4                _sidata = LOADADDR (.data)

.data           0x20000000      0x484 load address 0x08001bb4
                0x20000000                . = ALIGN (0x4)
                0x20000000                _sdata = .
 *(.data)
 .data          0x20000000       0x41 Drivers/src/PollDataClient.o
                0x20000000                pid
                0x20000038                PWM_outputSignal
 *fill*         0x20000041        0x3 
 .data          0x20000044        0x9 Drivers/src/device.o
                0x20000044                output2Data
 *fill*         0x2000004d        0x3 
 .data          0x20000050        0x8 Drivers/src/poller.o
                0x20000050                polling_enabled
                0x20000054                polling_counter
 *(.data*)
 .data.impure_data
                0x20000058      0x428 c:/ac6/systemworkbench/plugins/fr.ac6.mcu.externaltools.arm-none.win32_1.17.0.201812190825/tools/compiler/bin/../lib/gcc/arm-none-eabi/7.3.1/../../../../arm-none-eabi/lib/thumb/v7e-m/fpv4-sp/hard\libc.a(lib_a-impure.o)
 .data.__atexit_recursive_mutex
                0x20000480        0x4 c:/ac6/systemworkbench/plugins/fr.ac6.mcu.externaltools.arm-none.win32_1.17.0.201812190825/tools/compiler/bin/../lib/gcc/arm-none-eabi/7.3.1/../../../../arm-none-eabi/lib/thumb/v7e-m/fpv4-sp/hard\libc.a(lib_a-__call_atexit.o)
                0x20000480                __atexit_recursive_mutex
                0x20000484                . = ALIGN (0x4)
                0x20000484                _edata = .

.igot.plt       0x20000484        0x0 load address 0x08002038
 .igot.plt      0x20000484        0x0 c:/ac6/systemworkbench/plugins/fr.ac6.mcu.externaltools.arm-none.win32_1.17.0.201812190825/tools/compiler/bin/../lib/gcc/arm-none-eabi/7.3.1/thumb/v7e-m/fpv4-sp/hard/crtbegin.o
                0x20000484                . = ALIGN (0x4)

.bss            0x20000484       0x50 load address 0x08002038
                0x20000484                _sbss = .
                0x20000484                __bss_start__ = _sbss
 *(.bss)
 .bss           0x20000484       0x1c c:/ac6/systemworkbench/plugins/fr.ac6.mcu.externaltools.arm-none.win32_1.17.0.201812190825/tools/compiler/bin/../lib/gcc/arm-none-eabi/7.3.1/thumb/v7e-m/fpv4-sp/hard/crtbegin.o
 .bss           0x200004a0        0x4 Drivers/src/PID.o
                0x200004a0                acctemp
 .bss           0x200004a4        0x5 Drivers/src/device.o
                0x200004a4                temp
                0x200004a8                SPI_Data
 *fill*         0x200004a9        0x3 
 .bss           0x200004ac        0x4 Drivers/src/poller.o
                0x200004ac                counter
 *(.bss*)
 *(COMMON)
 COMMON         0x200004b0       0x21 c:/ac6/systemworkbench/plugins/fr.ac6.mcu.externaltools.arm-none.win32_1.17.0.201812190825/tools/compiler/bin/../lib/gcc/arm-none-eabi/7.3.1/../../../../arm-none-eabi/lib/thumb/v7e-m/fpv4-sp/hard\libc.a(lib_a-lock.o)
                0x200004b0                __lock___atexit_recursive_mutex
                0x200004b4                __lock___arc4random_mutex
                0x200004b8                __lock___env_recursive_mutex
                0x200004bc                __lock___sinit_recursive_mutex
                0x200004c0                __lock___malloc_recursive_mutex
                0x200004c4                __lock___at_quick_exit_mutex
                0x200004c8                __lock___dd_hash_mutex
                0x200004cc                __lock___tz_mutex
                0x200004d0                __lock___sfp_recursive_mutex
                0x200004d4                . = ALIGN (0x4)
 *fill*         0x200004d1        0x3 
                0x200004d4                _ebss = .
                0x200004d4                __bss_end__ = _ebss

._user_heap_stack
                0x200004d4      0x404 load address 0x08002038
                0x200004d8                . = ALIGN (0x8)
 *fill*         0x200004d4        0x4 
                0x200004d8                PROVIDE (end = .)
                [!provide]                PROVIDE (_end = .)
                0x200004d8                . = (. + _Min_Heap_Size)
                0x200008d8                . = (. + _Min_Stack_Size)
 *fill*         0x200004d8      0x400 
                0x200008d8                . = ALIGN (0x8)

/DISCARD/
 libc.a(*)
 libm.a(*)
 libgcc.a(*)

.ARM.attributes
                0x00000000       0x30
 *(.ARM.attributes)
 .ARM.attributes
                0x00000000       0x22 c:/ac6/systemworkbench/plugins/fr.ac6.mcu.externaltools.arm-none.win32_1.17.0.201812190825/tools/compiler/bin/../lib/gcc/arm-none-eabi/7.3.1/thumb/v7e-m/fpv4-sp/hard/crti.o
 .ARM.attributes
                0x00000022       0x34 c:/ac6/systemworkbench/plugins/fr.ac6.mcu.externaltools.arm-none.win32_1.17.0.201812190825/tools/compiler/bin/../lib/gcc/arm-none-eabi/7.3.1/thumb/v7e-m/fpv4-sp/hard/crtbegin.o
 .ARM.attributes
                0x00000056       0x39 Drivers/src/LCD.o
 .ARM.attributes
                0x0000008f       0x39 Drivers/src/PID.o
 .ARM.attributes
                0x000000c8       0x39 Drivers/src/PollDataClient.o
 .ARM.attributes
                0x00000101       0x39 Drivers/src/PollerTimer.o
 .ARM.attributes
                0x0000013a       0x39 Drivers/src/SPI.o
 .ARM.attributes
                0x00000173       0x39 Drivers/src/TC72.o
 .ARM.attributes
                0x000001ac       0x39 Drivers/src/device.o
 .ARM.attributes
                0x000001e5       0x39 Drivers/src/gpio.o
 .ARM.attributes
                0x0000021e       0x39 Drivers/src/poller.o
 .ARM.attributes
                0x00000257       0x39 Drivers/src/pwm.o
 .ARM.attributes
                0x00000290       0x39 src/main.o
 .ARM.attributes
                0x000002c9       0x39 src/system_stm32f4xx.o
 .ARM.attributes
                0x00000302       0x21 startup/startup_stm32.o
 .ARM.attributes
                0x00000323       0x22 c:/ac6/systemworkbench/plugins/fr.ac6.mcu.externaltools.arm-none.win32_1.17.0.201812190825/tools/compiler/bin/../lib/gcc/arm-none-eabi/7.3.1/thumb/v7e-m/fpv4-sp/hard\libgcc.a(_arm_addsubdf3.o)
 .ARM.attributes
                0x00000345       0x22 c:/ac6/systemworkbench/plugins/fr.ac6.mcu.externaltools.arm-none.win32_1.17.0.201812190825/tools/compiler/bin/../lib/gcc/arm-none-eabi/7.3.1/thumb/v7e-m/fpv4-sp/hard\libgcc.a(_arm_muldivdf3.o)
 .ARM.attributes
                0x00000367       0x22 c:/ac6/systemworkbench/plugins/fr.ac6.mcu.externaltools.arm-none.win32_1.17.0.201812190825/tools/compiler/bin/../lib/gcc/arm-none-eabi/7.3.1/thumb/v7e-m/fpv4-sp/hard\libgcc.a(_arm_truncdfsf2.o)
 .ARM.attributes
                0x00000389       0x34 c:/ac6/systemworkbench/plugins/fr.ac6.mcu.externaltools.arm-none.win32_1.17.0.201812190825/tools/compiler/bin/../lib/gcc/arm-none-eabi/7.3.1/../../../../arm-none-eabi/lib/thumb/v7e-m/fpv4-sp/hard\libc.a(lib_a-impure.o)
 .ARM.attributes
                0x000003bd       0x34 c:/ac6/systemworkbench/plugins/fr.ac6.mcu.externaltools.arm-none.win32_1.17.0.201812190825/tools/compiler/bin/../lib/gcc/arm-none-eabi/7.3.1/../../../../arm-none-eabi/lib/thumb/v7e-m/fpv4-sp/hard\libc.a(lib_a-init.o)
 .ARM.attributes
                0x000003f1       0x34 c:/ac6/systemworkbench/plugins/fr.ac6.mcu.externaltools.arm-none.win32_1.17.0.201812190825/tools/compiler/bin/../lib/gcc/arm-none-eabi/7.3.1/../../../../arm-none-eabi/lib/thumb/v7e-m/fpv4-sp/hard\libc.a(lib_a-__call_atexit.o)
 .ARM.attributes
                0x00000425       0x34 c:/ac6/systemworkbench/plugins/fr.ac6.mcu.externaltools.arm-none.win32_1.17.0.201812190825/tools/compiler/bin/../lib/gcc/arm-none-eabi/7.3.1/../../../../arm-none-eabi/lib/thumb/v7e-m/fpv4-sp/hard\libc.a(lib_a-atexit.o)
 .ARM.attributes
                0x00000459       0x34 c:/ac6/systemworkbench/plugins/fr.ac6.mcu.externaltools.arm-none.win32_1.17.0.201812190825/tools/compiler/bin/../lib/gcc/arm-none-eabi/7.3.1/../../../../arm-none-eabi/lib/thumb/v7e-m/fpv4-sp/hard\libc.a(lib_a-fini.o)
 .ARM.attributes
                0x0000048d       0x34 c:/ac6/systemworkbench/plugins/fr.ac6.mcu.externaltools.arm-none.win32_1.17.0.201812190825/tools/compiler/bin/../lib/gcc/arm-none-eabi/7.3.1/../../../../arm-none-eabi/lib/thumb/v7e-m/fpv4-sp/hard\libc.a(lib_a-lock.o)
 .ARM.attributes
                0x000004c1       0x34 c:/ac6/systemworkbench/plugins/fr.ac6.mcu.externaltools.arm-none.win32_1.17.0.201812190825/tools/compiler/bin/../lib/gcc/arm-none-eabi/7.3.1/../../../../arm-none-eabi/lib/thumb/v7e-m/fpv4-sp/hard\libc.a(lib_a-__atexit.o)
 .ARM.attributes
                0x000004f5       0x22 c:/ac6/systemworkbench/plugins/fr.ac6.mcu.externaltools.arm-none.win32_1.17.0.201812190825/tools/compiler/bin/../lib/gcc/arm-none-eabi/7.3.1/thumb/v7e-m/fpv4-sp/hard/crtn.o
OUTPUT(43_polling.elf elf32-littlearm)

.debug_info     0x00000000     0x36f6
 .debug_info    0x00000000      0xc5a Drivers/src/LCD.o
 .debug_info    0x00000c5a      0x163 Drivers/src/PID.o
 .debug_info    0x00000dbd      0x2c8 Drivers/src/PollDataClient.o
 .debug_info    0x00001085      0x818 Drivers/src/PollerTimer.o
 .debug_info    0x0000189d      0x4f6 Drivers/src/SPI.o
 .debug_info    0x00001d93      0x142 Drivers/src/TC72.o
 .debug_info    0x00001ed5      0x42f Drivers/src/device.o
 .debug_info    0x00002304      0x435 Drivers/src/gpio.o
 .debug_info    0x00002739       0xdf Drivers/src/poller.o
 .debug_info    0x00002818      0x5ac Drivers/src/pwm.o
 .debug_info    0x00002dc4      0x2fe src/main.o
 .debug_info    0x000030c2      0x612 src/system_stm32f4xx.o
 .debug_info    0x000036d4       0x22 startup/startup_stm32.o

.debug_abbrev   0x00000000      0xdfe
 .debug_abbrev  0x00000000      0x242 Drivers/src/LCD.o
 .debug_abbrev  0x00000242       0xc6 Drivers/src/PID.o
 .debug_abbrev  0x00000308      0x140 Drivers/src/PollDataClient.o
 .debug_abbrev  0x00000448      0x173 Drivers/src/PollerTimer.o
 .debug_abbrev  0x000005bb      0x124 Drivers/src/SPI.o
 .debug_abbrev  0x000006df       0xad Drivers/src/TC72.o
 .debug_abbrev  0x0000078c      0x147 Drivers/src/device.o
 .debug_abbrev  0x000008d3      0x108 Drivers/src/gpio.o
 .debug_abbrev  0x000009db       0xb1 Drivers/src/poller.o
 .debug_abbrev  0x00000a8c      0x117 Drivers/src/pwm.o
 .debug_abbrev  0x00000ba3       0xec src/main.o
 .debug_abbrev  0x00000c8f      0x15d src/system_stm32f4xx.o
 .debug_abbrev  0x00000dec       0x12 startup/startup_stm32.o

.debug_aranges  0x00000000      0x2b0
 .debug_aranges
                0x00000000       0x58 Drivers/src/LCD.o
 .debug_aranges
                0x00000058       0x28 Drivers/src/PID.o
 .debug_aranges
                0x00000080       0x20 Drivers/src/PollDataClient.o
 .debug_aranges
                0x000000a0       0x50 Drivers/src/PollerTimer.o
 .debug_aranges
                0x000000f0       0x48 Drivers/src/SPI.o
 .debug_aranges
                0x00000138       0x30 Drivers/src/TC72.o
 .debug_aranges
                0x00000168       0x30 Drivers/src/device.o
 .debug_aranges
                0x00000198       0x30 Drivers/src/gpio.o
 .debug_aranges
                0x000001c8       0x38 Drivers/src/poller.o
 .debug_aranges
                0x00000200       0x30 Drivers/src/pwm.o
 .debug_aranges
                0x00000230       0x28 src/main.o
 .debug_aranges
                0x00000258       0x30 src/system_stm32f4xx.o
 .debug_aranges
                0x00000288       0x28 startup/startup_stm32.o

.debug_ranges   0x00000000      0x200
 .debug_ranges  0x00000000       0x48 Drivers/src/LCD.o
 .debug_ranges  0x00000048       0x18 Drivers/src/PID.o
 .debug_ranges  0x00000060       0x28 Drivers/src/PollDataClient.o
 .debug_ranges  0x00000088       0x40 Drivers/src/PollerTimer.o
 .debug_ranges  0x000000c8       0x38 Drivers/src/SPI.o
 .debug_ranges  0x00000100       0x20 Drivers/src/TC72.o
 .debug_ranges  0x00000120       0x20 Drivers/src/device.o
 .debug_ranges  0x00000140       0x20 Drivers/src/gpio.o
 .debug_ranges  0x00000160       0x28 Drivers/src/poller.o
 .debug_ranges  0x00000188       0x20 Drivers/src/pwm.o
 .debug_ranges  0x000001a8       0x18 src/main.o
 .debug_ranges  0x000001c0       0x20 src/system_stm32f4xx.o
 .debug_ranges  0x000001e0       0x20 startup/startup_stm32.o

.debug_macro    0x00000000     0xafed
 .debug_macro   0x00000000      0x182 Drivers/src/LCD.o
 .debug_macro   0x00000182      0xa66 Drivers/src/LCD.o
 .debug_macro   0x00000be8       0x65 Drivers/src/LCD.o
 .debug_macro   0x00000c4d       0x3b Drivers/src/LCD.o
 .debug_macro   0x00000c88       0x22 Drivers/src/LCD.o
 .debug_macro   0x00000caa       0x8e Drivers/src/LCD.o
 .debug_macro   0x00000d38       0x51 Drivers/src/LCD.o
 .debug_macro   0x00000d89       0xef Drivers/src/LCD.o
 .debug_macro   0x00000e78       0x6a Drivers/src/LCD.o
 .debug_macro   0x00000ee2      0x1df Drivers/src/LCD.o
 .debug_macro   0x000010c1       0x34 Drivers/src/LCD.o
 .debug_macro   0x000010f5       0x26 Drivers/src/LCD.o
 .debug_macro   0x0000111b      0xe43 Drivers/src/LCD.o
 .debug_macro   0x00001f5e     0x800a Drivers/src/LCD.o
 .debug_macro   0x00009f68       0x5e Drivers/src/LCD.o
 .debug_macro   0x00009fc6       0x18 Drivers/src/LCD.o
 .debug_macro   0x00009fde       0x5e Drivers/src/LCD.o
 .debug_macro   0x0000a03c       0x35 Drivers/src/LCD.o
 .debug_macro   0x0000a071       0x34 Drivers/src/LCD.o
 .debug_macro   0x0000a0a5       0x16 Drivers/src/LCD.o
 .debug_macro   0x0000a0bb      0x10e Drivers/src/LCD.o
 .debug_macro   0x0000a1c9       0x8d Drivers/src/LCD.o
 .debug_macro   0x0000a256       0x58 Drivers/src/LCD.o
 .debug_macro   0x0000a2ae       0x1f Drivers/src/LCD.o
 .debug_macro   0x0000a2cd       0x43 Drivers/src/LCD.o
 .debug_macro   0x0000a310       0x20 Drivers/src/LCD.o
 .debug_macro   0x0000a330      0x18e Drivers/src/LCD.o
 .debug_macro   0x0000a4be      0x330 Drivers/src/LCD.o
 .debug_macro   0x0000a7ee       0x16 Drivers/src/LCD.o
 .debug_macro   0x0000a804       0x29 Drivers/src/LCD.o
 .debug_macro   0x0000a82d       0x1a Drivers/src/PID.o
 .debug_macro   0x0000a847       0x40 Drivers/src/PID.o
 .debug_macro   0x0000a887       0xe5 Drivers/src/PollDataClient.o
 .debug_macro   0x0000a96c       0xbf Drivers/src/PollerTimer.o
 .debug_macro   0x0000aa2b       0xb5 Drivers/src/SPI.o
 .debug_macro   0x0000aae0       0xc9 Drivers/src/TC72.o
 .debug_macro   0x0000aba9       0xe4 Drivers/src/device.o
 .debug_macro   0x0000ac8d       0xb5 Drivers/src/gpio.o
 .debug_macro   0x0000ad42       0x2f Drivers/src/poller.o
 .debug_macro   0x0000ad71       0xb5 Drivers/src/pwm.o
 .debug_macro   0x0000ae26       0xf8 src/main.o
 .debug_macro   0x0000af1e       0xcf src/system_stm32f4xx.o

.debug_line     0x00000000     0x3172
 .debug_line    0x00000000      0x616 Drivers/src/LCD.o
 .debug_line    0x00000616       0xbc Drivers/src/PID.o
 .debug_line    0x000006d2      0x495 Drivers/src/PollDataClient.o
 .debug_line    0x00000b67      0x4c9 Drivers/src/PollerTimer.o
 .debug_line    0x00001030      0x4bf Drivers/src/SPI.o
 .debug_line    0x000014ef      0x46e Drivers/src/TC72.o
 .debug_line    0x0000195d      0x4a5 Drivers/src/device.o
 .debug_line    0x00001e02      0x491 Drivers/src/gpio.o
 .debug_line    0x00002293      0x10a Drivers/src/poller.o
 .debug_line    0x0000239d      0x476 Drivers/src/pwm.o
 .debug_line    0x00002813      0x486 src/main.o
 .debug_line    0x00002c99      0x45d src/system_stm32f4xx.o
 .debug_line    0x000030f6       0x7c startup/startup_stm32.o

.debug_str      0x00000000    0x39169
 .debug_str     0x00000000    0x384cc Drivers/src/LCD.o
                              0x38718 (size before relaxing)
 .debug_str     0x000384cc      0x167 Drivers/src/PID.o
                               0x2e51 (size before relaxing)
 .debug_str     0x00038633       0x80 Drivers/src/PollDataClient.o
                              0x35865 (size before relaxing)
 .debug_str     0x000386b3      0x630 Drivers/src/PollerTimer.o
                              0x35be1 (size before relaxing)
 .debug_str     0x00038ce3       0x9e Drivers/src/SPI.o
                              0x357b8 (size before relaxing)
 .debug_str     0x00038d81       0x66 Drivers/src/TC72.o
                              0x35613 (size before relaxing)
 .debug_str     0x00038de7       0xc2 Drivers/src/device.o
                              0x358ec (size before relaxing)
 .debug_str     0x00038ea9       0x41 Drivers/src/gpio.o
                              0x35751 (size before relaxing)
 .debug_str     0x00038eea       0x72 Drivers/src/poller.o
                               0x2da7 (size before relaxing)
 .debug_str     0x00038f5c       0x33 Drivers/src/pwm.o
                              0x357dd (size before relaxing)
 .debug_str     0x00038f8f       0x23 src/main.o
                              0x35837 (size before relaxing)
 .debug_str     0x00038fb2      0x14a src/system_stm32f4xx.o
                              0x35821 (size before relaxing)
 .debug_str     0x000390fc       0x6d startup/startup_stm32.o

.comment        0x00000000       0x7f
 .comment       0x00000000       0x7f Drivers/src/LCD.o
                                 0x80 (size before relaxing)
 .comment       0x0000007f       0x80 Drivers/src/PID.o
 .comment       0x0000007f       0x80 Drivers/src/PollDataClient.o
 .comment       0x0000007f       0x80 Drivers/src/PollerTimer.o
 .comment       0x0000007f       0x80 Drivers/src/SPI.o
 .comment       0x0000007f       0x80 Drivers/src/TC72.o
 .comment       0x0000007f       0x80 Drivers/src/device.o
 .comment       0x0000007f       0x80 Drivers/src/gpio.o
 .comment       0x0000007f       0x80 Drivers/src/poller.o
 .comment       0x0000007f       0x80 Drivers/src/pwm.o
 .comment       0x0000007f       0x80 src/main.o
 .comment       0x0000007f       0x80 src/system_stm32f4xx.o

.debug_frame    0x00000000      0x9c4
 .debug_frame   0x00000000      0x128 Drivers/src/LCD.o
 .debug_frame   0x00000128       0x60 Drivers/src/PID.o
 .debug_frame   0x00000188       0x34 Drivers/src/PollDataClient.o
 .debug_frame   0x000001bc       0xf4 Drivers/src/PollerTimer.o
 .debug_frame   0x000002b0       0xe0 Drivers/src/SPI.o
 .debug_frame   0x00000390       0x7c Drivers/src/TC72.o
 .debug_frame   0x0000040c       0x70 Drivers/src/device.o
 .debug_frame   0x0000047c       0x88 Drivers/src/gpio.o
 .debug_frame   0x00000504       0x9c Drivers/src/poller.o
 .debug_frame   0x000005a0       0x80 Drivers/src/pwm.o
 .debug_frame   0x00000620       0x48 src/main.o
 .debug_frame   0x00000668       0x7c src/system_stm32f4xx.o
 .debug_frame   0x000006e4       0xac c:/ac6/systemworkbench/plugins/fr.ac6.mcu.externaltools.arm-none.win32_1.17.0.201812190825/tools/compiler/bin/../lib/gcc/arm-none-eabi/7.3.1/thumb/v7e-m/fpv4-sp/hard\libgcc.a(_arm_addsubdf3.o)
 .debug_frame   0x00000790       0x50 c:/ac6/systemworkbench/plugins/fr.ac6.mcu.externaltools.arm-none.win32_1.17.0.201812190825/tools/compiler/bin/../lib/gcc/arm-none-eabi/7.3.1/thumb/v7e-m/fpv4-sp/hard\libgcc.a(_arm_muldivdf3.o)
 .debug_frame   0x000007e0       0x24 c:/ac6/systemworkbench/plugins/fr.ac6.mcu.externaltools.arm-none.win32_1.17.0.201812190825/tools/compiler/bin/../lib/gcc/arm-none-eabi/7.3.1/thumb/v7e-m/fpv4-sp/hard\libgcc.a(_arm_truncdfsf2.o)
 .debug_frame   0x00000804       0x2c c:/ac6/systemworkbench/plugins/fr.ac6.mcu.externaltools.arm-none.win32_1.17.0.201812190825/tools/compiler/bin/../lib/gcc/arm-none-eabi/7.3.1/../../../../arm-none-eabi/lib/thumb/v7e-m/fpv4-sp/hard\libc.a(lib_a-init.o)
 .debug_frame   0x00000830       0x5c c:/ac6/systemworkbench/plugins/fr.ac6.mcu.externaltools.arm-none.win32_1.17.0.201812190825/tools/compiler/bin/../lib/gcc/arm-none-eabi/7.3.1/../../../../arm-none-eabi/lib/thumb/v7e-m/fpv4-sp/hard\libc.a(lib_a-__call_atexit.o)
 .debug_frame   0x0000088c       0x20 c:/ac6/systemworkbench/plugins/fr.ac6.mcu.externaltools.arm-none.win32_1.17.0.201812190825/tools/compiler/bin/../lib/gcc/arm-none-eabi/7.3.1/../../../../arm-none-eabi/lib/thumb/v7e-m/fpv4-sp/hard\libc.a(lib_a-atexit.o)
 .debug_frame   0x000008ac       0x34 c:/ac6/systemworkbench/plugins/fr.ac6.mcu.externaltools.arm-none.win32_1.17.0.201812190825/tools/compiler/bin/../lib/gcc/arm-none-eabi/7.3.1/../../../../arm-none-eabi/lib/thumb/v7e-m/fpv4-sp/hard\libc.a(lib_a-fini.o)
 .debug_frame   0x000008e0       0xb0 c:/ac6/systemworkbench/plugins/fr.ac6.mcu.externaltools.arm-none.win32_1.17.0.201812190825/tools/compiler/bin/../lib/gcc/arm-none-eabi/7.3.1/../../../../arm-none-eabi/lib/thumb/v7e-m/fpv4-sp/hard\libc.a(lib_a-lock.o)
 .debug_frame   0x00000990       0x34 c:/ac6/systemworkbench/plugins/fr.ac6.mcu.externaltools.arm-none.win32_1.17.0.201812190825/tools/compiler/bin/../lib/gcc/arm-none-eabi/7.3.1/../../../../arm-none-eabi/lib/thumb/v7e-m/fpv4-sp/hard\libc.a(lib_a-__atexit.o)
